Archive member included to satisfy reference by file (symbol)

/Applications/STM32CubeIDE.app/Contents/Eclipse/plugins/com.st.stm32cube.ide.mcu.externaltools.gnu-tools-for-stm32.11.3.rel1.macos64_1.1.0.202305231506/tools/bin/../lib/gcc/arm-none-eabi/11.3.1/../../../../arm-none-eabi/lib/thumb/v7-m/nofp/libc_nano.a(libc_a-exit.o)
                              /Applications/STM32CubeIDE.app/Contents/Eclipse/plugins/com.st.stm32cube.ide.mcu.externaltools.gnu-tools-for-stm32.11.3.rel1.macos64_1.1.0.202305231506/tools/bin/../lib/gcc/arm-none-eabi/11.3.1/../../../../arm-none-eabi/lib/thumb/v7-m/nofp/crt0.o (exit)
/Applications/STM32CubeIDE.app/Contents/Eclipse/plugins/com.st.stm32cube.ide.mcu.externaltools.gnu-tools-for-stm32.11.3.rel1.macos64_1.1.0.202305231506/tools/bin/../lib/gcc/arm-none-eabi/11.3.1/../../../../arm-none-eabi/lib/thumb/v7-m/nofp/libc_nano.a(libc_a-nano-vfprintf_float.o)
                              (_printf_float)
/Applications/STM32CubeIDE.app/Contents/Eclipse/plugins/com.st.stm32cube.ide.mcu.externaltools.gnu-tools-for-stm32.11.3.rel1.macos64_1.1.0.202305231506/tools/bin/../lib/gcc/arm-none-eabi/11.3.1/../../../../arm-none-eabi/lib/thumb/v7-m/nofp/libc_nano.a(libc_a-nano-vfprintf_i.o)
                              /Applications/STM32CubeIDE.app/Contents/Eclipse/plugins/com.st.stm32cube.ide.mcu.externaltools.gnu-tools-for-stm32.11.3.rel1.macos64_1.1.0.202305231506/tools/bin/../lib/gcc/arm-none-eabi/11.3.1/../../../../arm-none-eabi/lib/thumb/v7-m/nofp/libc_nano.a(libc_a-nano-vfprintf_float.o) (_printf_common)
/Applications/STM32CubeIDE.app/Contents/Eclipse/plugins/com.st.stm32cube.ide.mcu.externaltools.gnu-tools-for-stm32.11.3.rel1.macos64_1.1.0.202305231506/tools/bin/../lib/gcc/arm-none-eabi/11.3.1/../../../../arm-none-eabi/lib/thumb/v7-m/nofp/libc_nano.a(libc_a-findfp.o)
                              /Applications/STM32CubeIDE.app/Contents/Eclipse/plugins/com.st.stm32cube.ide.mcu.externaltools.gnu-tools-for-stm32.11.3.rel1.macos64_1.1.0.202305231506/tools/bin/../lib/gcc/arm-none-eabi/11.3.1/../../../../arm-none-eabi/lib/thumb/v7-m/nofp/libc_nano.a(libc_a-exit.o) (__stdio_exit_handler)
/Applications/STM32CubeIDE.app/Contents/Eclipse/plugins/com.st.stm32cube.ide.mcu.externaltools.gnu-tools-for-stm32.11.3.rel1.macos64_1.1.0.202305231506/tools/bin/../lib/gcc/arm-none-eabi/11.3.1/../../../../arm-none-eabi/lib/thumb/v7-m/nofp/libc_nano.a(libc_a-fwalk.o)
                              /Applications/STM32CubeIDE.app/Contents/Eclipse/plugins/com.st.stm32cube.ide.mcu.externaltools.gnu-tools-for-stm32.11.3.rel1.macos64_1.1.0.202305231506/tools/bin/../lib/gcc/arm-none-eabi/11.3.1/../../../../arm-none-eabi/lib/thumb/v7-m/nofp/libc_nano.a(libc_a-findfp.o) (_fwalk_sglue)
/Applications/STM32CubeIDE.app/Contents/Eclipse/plugins/com.st.stm32cube.ide.mcu.externaltools.gnu-tools-for-stm32.11.3.rel1.macos64_1.1.0.202305231506/tools/bin/../lib/gcc/arm-none-eabi/11.3.1/../../../../arm-none-eabi/lib/thumb/v7-m/nofp/libc_nano.a(libc_a-memset.o)
                              /Applications/STM32CubeIDE.app/Contents/Eclipse/plugins/com.st.stm32cube.ide.mcu.externaltools.gnu-tools-for-stm32.11.3.rel1.macos64_1.1.0.202305231506/tools/bin/../lib/gcc/arm-none-eabi/11.3.1/../../../../arm-none-eabi/lib/thumb/v7-m/nofp/crt0.o (memset)
/Applications/STM32CubeIDE.app/Contents/Eclipse/plugins/com.st.stm32cube.ide.mcu.externaltools.gnu-tools-for-stm32.11.3.rel1.macos64_1.1.0.202305231506/tools/bin/../lib/gcc/arm-none-eabi/11.3.1/../../../../arm-none-eabi/lib/thumb/v7-m/nofp/libc_nano.a(libc_a-localeconv.o)
                              /Applications/STM32CubeIDE.app/Contents/Eclipse/plugins/com.st.stm32cube.ide.mcu.externaltools.gnu-tools-for-stm32.11.3.rel1.macos64_1.1.0.202305231506/tools/bin/../lib/gcc/arm-none-eabi/11.3.1/../../../../arm-none-eabi/lib/thumb/v7-m/nofp/libc_nano.a(libc_a-nano-vfprintf_float.o) (_localeconv_r)
/Applications/STM32CubeIDE.app/Contents/Eclipse/plugins/com.st.stm32cube.ide.mcu.externaltools.gnu-tools-for-stm32.11.3.rel1.macos64_1.1.0.202305231506/tools/bin/../lib/gcc/arm-none-eabi/11.3.1/../../../../arm-none-eabi/lib/thumb/v7-m/nofp/libc_nano.a(libc_a-impure.o)
                              /Applications/STM32CubeIDE.app/Contents/Eclipse/plugins/com.st.stm32cube.ide.mcu.externaltools.gnu-tools-for-stm32.11.3.rel1.macos64_1.1.0.202305231506/tools/bin/../lib/gcc/arm-none-eabi/11.3.1/../../../../arm-none-eabi/lib/thumb/v7-m/nofp/libc_nano.a(libc_a-findfp.o) (_impure_data)
/Applications/STM32CubeIDE.app/Contents/Eclipse/plugins/com.st.stm32cube.ide.mcu.externaltools.gnu-tools-for-stm32.11.3.rel1.macos64_1.1.0.202305231506/tools/bin/../lib/gcc/arm-none-eabi/11.3.1/../../../../arm-none-eabi/lib/thumb/v7-m/nofp/libc_nano.a(libc_a-errno.o)
                              ./Src/syscalls.o (__errno)
[...]
Memory Configuration

Name             Origin             Length             Attributes
RAM              0x0000000020000000 0x0000000000005000 xrw
FLASH            0x0000000008000000 0x0000000000020000 xr
*default*        0x0000000000000000 0xffffffffffffffff

Linker script and memory map

LOAD /Applications/STM32CubeIDE.app/Contents/Eclipse/plugins/com.st.stm32cube.ide.mcu.externaltools.gnu-tools-for-stm32.11.3.rel1.macos64_1.1.0.202305231506/tools/bin/../lib/gcc/arm-none-eabi/11.3.1/thumb/v7-m/nofp/crti.o
LOAD /Applications/STM32CubeIDE.app/Contents/Eclipse/plugins/com.st.stm32cube.ide.mcu.externaltools.gnu-tools-for-stm32.11.3.rel1.macos64_1.1.0.202305231506/tools/bin/../lib/gcc/arm-none-eabi/11.3.1/thumb/v7-m/nofp/crtbegin.o
LOAD /Applications/STM32CubeIDE.app/Contents/Eclipse/plugins/com.st.stm32cube.ide.mcu.externaltools.gnu-tools-for-stm32.11.3.rel1.macos64_1.1.0.202305231506/tools/bin/../lib/gcc/arm-none-eabi/11.3.1/../../../../arm-none-eabi/lib/thumb/v7-m/nofp/crt0.o
LOAD ./Src/EngTrModel.o
LOAD ./Src/EngTrModel_data.o
LOAD ./Src/adc.o
LOAD ./Src/lcd.o
LOAD ./Src/main.o
LOAD ./Src/rtGetInf.o
LOAD ./Src/rtGetNaN.o
LOAD ./Src/rt_nonfinite.o
LOAD ./Src/syscalls.o
LOAD ./Src/sysmem.o
LOAD ./Src/tim.o
LOAD ./Src/uart.o
LOAD ./Startup/startup_stm32f103rbtx.o
START GROUP
LOAD /Applications/STM32CubeIDE.app/Contents/Eclipse/plugins/com.st.stm32cube.ide.mcu.externaltools.gnu-tools-for-stm32.11.3.rel1.macos64_1.1.0.202305231506/tools/bin/../lib/gcc/arm-none-eabi/11.3.1/../../../../arm-none-eabi/lib/thumb/v7-m/nofp/libc_nano.a
LOAD /Applications/STM32CubeIDE.app/Contents/Eclipse/plugins/com.st.stm32cube.ide.mcu.externaltools.gnu-tools-for-stm32.11.3.rel1.macos64_1.1.0.202305231506/tools/bin/../lib/gcc/arm-none-eabi/11.3.1/../../../../arm-none-eabi/lib/thumb/v7-m/nofp/libm.a
END GROUP
START GROUP
LOAD /Applications/STM32CubeIDE.app/Contents/Eclipse/plugins/com.st.stm32cube.ide.mcu.externaltools.gnu-tools-for-stm32.11.3.rel1.macos64_1.1.0.202305231506/tools/bin/../lib/gcc/arm-none-eabi/11.3.1/thumb/v7-m/nofp/libgcc.a
LOAD /Applications/STM32CubeIDE.app/Contents/Eclipse/plugins/com.st.stm32cube.ide.mcu.externaltools.gnu-tools-for-stm32.11.3.rel1.macos64_1.1.0.202305231506/tools/bin/../lib/gcc/arm-none-eabi/11.3.1/../../../../arm-none-eabi/lib/thumb/v7-m/nofp/libc_nano.a
END GROUP
START GROUP
LOAD /Applications/STM32CubeIDE.app/Contents/Eclipse/plugins/com.st.stm32cube.ide.mcu.externaltools.gnu-tools-for-stm32.11.3.rel1.macos64_1.1.0.202305231506/tools/bin/../lib/gcc/arm-none-eabi/11.3.1/thumb/v7-m/nofp/libgcc.a
LOAD /Applications/STM32CubeIDE.app/Contents/Eclipse/plugins/com.st.stm32cube.ide.mcu.externaltools.gnu-tools-for-stm32.11.3.rel1.macos64_1.1.0.202305231506/tools/bin/../lib/gcc/arm-none-eabi/11.3.1/../../../../arm-none-eabi/lib/thumb/v7-m/nofp/libc_nano.a
LOAD /Applications/STM32CubeIDE.app/Contents/Eclipse/plugins/com.st.stm32cube.ide.mcu.externaltools.gnu-tools-for-stm32.11.3.rel1.macos64_1.1.0.202305231506/tools/bin/../lib/gcc/arm-none-eabi/11.3.1/../../../../arm-none-eabi/lib/thumb/v7-m/nofp/libnosys.a
END GROUP
START GROUP
LOAD /Applications/STM32CubeIDE.app/Contents/Eclipse/plugins/com.st.stm32cube.ide.mcu.externaltools.gnu-tools-for-stm32.11.3.rel1.macos64_1.1.0.202305231506/tools/bin/../lib/gcc/arm-none-eabi/11.3.1/thumb/v7-m/nofp/libgcc.a
LOAD /Applications/STM32CubeIDE.app/Contents/Eclipse/plugins/com.st.stm32cube.ide.mcu.externaltools.gnu-tools-for-stm32.11.3.rel1.macos64_1.1.0.202305231506/tools/bin/../lib/gcc/arm-none-eabi/11.3.1/../../../../arm-none-eabi/lib/thumb/v7-m/nofp/libc_nano.a
LOAD /Applications/STM32CubeIDE.app/Contents/Eclipse/plugins/com.st.stm32cube.ide.mcu.externaltools.gnu-tools-for-stm32.11.3.rel1.macos64_1.1.0.202305231506/tools/bin/../lib/gcc/arm-none-eabi/11.3.1/../../../../arm-none-eabi/lib/thumb/v7-m/nofp/libnosys.a
END GROUP
LOAD /Applications/STM32CubeIDE.app/Contents/Eclipse/plugins/com.st.stm32cube.ide.mcu.externaltools.gnu-tools-for-stm32.11.3.rel1.macos64_1.1.0.202305231506/tools/bin/../lib/gcc/arm-none-eabi/11.3.1/thumb/v7-m/nofp/crtend.o
LOAD /Applications/STM32CubeIDE.app/Contents/Eclipse/plugins/com.st.stm32cube.ide.mcu.externaltools.gnu-tools-for-stm32.11.3.rel1.macos64_1.1.0.202305231506/tools/bin/../lib/gcc/arm-none-eabi/11.3.1/thumb/v7-m/nofp/crtn.o
                0x0000000020005000                _estack = (ORIGIN (RAM) + LENGTH (RAM))
                0x0000000000000200                _Min_Heap_Size = 0x200
                0x0000000000000400                _Min_Stack_Size = 0x400

.isr_vector     0x0000000008000000      0x130
                0x0000000008000000                . = ALIGN (0x4)
 *(.isr_vector)
 .isr_vector    0x0000000008000000      0x130 ./Startup/startup_stm32f103rbtx.o
                0x0000000008000000                g_pfnVectors
                0x0000000008000130                . = ALIGN (0x4)

.text           0x0000000008000130     0x681c
                0x0000000008000130                . = ALIGN (0x4)
 *(.text)
 .text          0x0000000008000130       0x40 /Applications/STM32CubeIDE.app/Contents/Eclipse/plugins/com.st.stm32cube.ide.mcu.externaltools.gnu-tools-for-stm32.11.3.rel1.macos64_1.1.0.202305231506/tools/bin/../lib/gcc/arm-none-eabi/11.3.1/thumb/v7-m/nofp/crtbegin.o
 .text          0x0000000008000170       0x10 /Applications/STM32CubeIDE.app/Contents/Eclipse/plugins/com.st.stm32cube.ide.mcu.externaltools.gnu-tools-for-stm32.11.3.rel1.macos64_1.1.0.202305231506/tools/bin/../lib/gcc/arm-none-eabi/11.3.1/../../../../arm-none-eabi/lib/thumb/v7-m/nofp/libc_nano.a(libc_a-strlen.o)
                0x0000000008000170                strlen
 .text          0x0000000008000180      0x378 /Applications/STM32CubeIDE.app/Contents/Eclipse/plugins/com.st.stm32cube.ide.mcu.externaltools.gnu-tools-for-stm32.11.3.rel1.macos64_1.1.0.202305231506/tools/bin/../lib/gcc/arm-none-eabi/11.3.1/thumb/v7-m/nofp/libgcc.a(_arm_addsubdf3.o)
                0x0000000008000180                __aeabi_drsub
                0x0000000008000188                __subdf3
                0x0000000008000188                __aeabi_dsub
                0x000000000800018c                __aeabi_dadd
                0x000000000800018c                __adddf3
                0x0000000008000404                __aeabi_ui2d
                0x0000000008000404                __floatunsidf
                0x0000000008000424                __floatsidf
                0x0000000008000424                __aeabi_i2d
                0x0000000008000448                __extendsfdf2
                0x0000000008000448                __aeabi_f2d
                0x000000000800048c                __aeabi_ul2d
                0x000000000800048c                __floatundidf
                0x000000000800049c                __aeabi_l2d
                0x000000000800049c                __floatdidf
 .text          0x00000000080004f8      0x424 /Applications/STM32CubeIDE.app/Contents/Eclipse/plugins/com.st.stm32cube.ide.mcu.externaltools.gnu-tools-for-stm32.11.3.rel1.macos64_1.1.0.202305231506/tools/bin/../lib/gcc/arm-none-eabi/11.3.1/thumb/v7-m/nofp/libgcc.a(_arm_muldivdf3.o)
                0x00000000080004f8                __aeabi_dmul
                0x00000000080004f8                __muldf3
                0x000000000800074c                __aeabi_ddiv
                0x000000000800074c                __divdf3
 .text          0x000000000800091c      0x110 /Applications/STM32CubeIDE.app/Contents/Eclipse/plugins/com.st.stm32cube.ide.mcu.externaltools.gnu-tools-for-stm32.11.3.rel1.macos64_1.1.0.202305231506/tools/bin/../lib/gcc/arm-none-eabi/11.3.1/thumb/v7-m/nofp/libgcc.a(_arm_cmpdf2.o)
                0x000000000800091c                __gedf2
                0x000000000800091c                __gtdf2
                0x0000000008000924                __ledf2
                0x0000000008000924                __ltdf2
                0x000000000800092c                __cmpdf2
                0x000000000800092c                __eqdf2
                0x000000000800092c                __nedf2
                0x00000000080009a8                __aeabi_cdrcmple
                0x00000000080009b8                __aeabi_cdcmple
                0x00000000080009b8                __aeabi_cdcmpeq
                0x00000000080009c8                __aeabi_dcmpeq
                0x00000000080009dc                __aeabi_dcmplt
                0x00000000080009f0                __aeabi_dcmple
                0x0000000008000a04                __aeabi_dcmpge
                0x0000000008000a18                __aeabi_dcmpgt
 .text          0x0000000008000a2c       0x2c /Applications/STM32CubeIDE.app/Contents/Eclipse/plugins/com.st.stm32cube.ide.mcu.externaltools.gnu-tools-for-stm32.11.3.rel1.macos64_1.1.0.202305231506/tools/bin/../lib/gcc/arm-none-eabi/11.3.1/thumb/v7-m/nofp/libgcc.a(_arm_unorddf2.o)
                0x0000000008000a2c                __aeabi_dcmpun
                0x0000000008000a2c                __unorddf2
 .text          0x0000000008000a58       0x50 /Applications/STM32CubeIDE.app/Contents/Eclipse/plugins/com.st.stm32cube.ide.mcu.externaltools.gnu-tools-for-stm32.11.3.rel1.macos64_1.1.0.202305231506/tools/bin/../lib/gcc/arm-none-eabi/11.3.1/thumb/v7-m/nofp/libgcc.a(_arm_fixdfsi.o)
                0x0000000008000a58                __fixdfsi
                0x0000000008000a58                __aeabi_d2iz
 .text          0x0000000008000aa8       0x40 /Applications/STM32CubeIDE.app/Contents/Eclipse/plugins/com.st.stm32cube.ide.mcu.externaltools.gnu-tools-for-stm32.11.3.rel1.macos64_1.1.0.202305231506/tools/bin/../lib/gcc/arm-none-eabi/11.3.1/thumb/v7-m/nofp/libgcc.a(_arm_fixunsdfsi.o)
                0x0000000008000aa8                __fixunsdfsi
                0x0000000008000aa8                __aeabi_d2uiz
 .text          0x0000000008000ae8       0xa0 /Applications/STM32CubeIDE.app/Contents/Eclipse/plugins/com.st.stm32cube.ide.mcu.externaltools.gnu-tools-for-stm32.11.3.rel1.macos64_1.1.0.202305231506/tools/bin/../lib/gcc/arm-none-eabi/11.3.1/thumb/v7-m/nofp/libgcc.a(_arm_truncdfsf2.o)
                0x0000000008000ae8                __aeabi_d2f
                0x0000000008000ae8                __truncdfsf2
 .text          0x0000000008000b88      0x21c /Applications/STM32CubeIDE.app/Contents/Eclipse/plugins/com.st.stm32cube.ide.mcu.externaltools.gnu-tools-for-stm32.11.3.rel1.macos64_1.1.0.202305231506/tools/bin/../lib/gcc/arm-none-eabi/11.3.1/thumb/v7-m/nofp/libgcc.a(_arm_addsubsf3.o)
                0x0000000008000b88                __aeabi_frsub
                0x0000000008000b90                __aeabi_fsub
                0x0000000008000b90                __subsf3
                0x0000000008000b94                __aeabi_fadd
                0x0000000008000b94                __addsf3
                0x0000000008000cf4                __aeabi_ui2f
                0x0000000008000cf4                __floatunsisf
                0x0000000008000cfc                __floatsisf
                0x0000000008000cfc                __aeabi_i2f
                0x0000000008000d18                __aeabi_ul2f
                0x0000000008000d18                __floatundisf
                0x0000000008000d28                __aeabi_l2f
                0x0000000008000d28                __floatdisf
 .text          0x0000000008000da4      0x2a0 /Applications/STM32CubeIDE.app/Contents/Eclipse/plugins/com.st.stm32cube.ide.mcu.externaltools.gnu-tools-for-stm32.11.3.rel1.macos64_1.1.0.202305231506/tools/bin/../lib/gcc/arm-none-eabi/11.3.1/thumb/v7-m/nofp/libgcc.a(_arm_muldivsf3.o)
                0x0000000008000da4                __mulsf3
                0x0000000008000da4                __aeabi_fmul
                0x0000000008000f0c                __divsf3
                0x0000000008000f0c                __aeabi_fdiv
 *(.text*)
 .text.look2_binlxpw
                0x0000000008001044      0x3f8 ./Src/EngTrModel.o
                0x0000000008001044                look2_binlxpw
 .text.look1_binlxpw
                0x000000000800143c      0x1c8 ./Src/EngTrModel.o
                0x000000000800143c                look1_binlxpw
 .text.EngTrModel_gear_state
                0x0000000008001604      0x10c ./Src/EngTrModel.o
 .text.rt_powd_snf
                0x0000000008001710      0x234 ./Src/EngTrModel.o
                0x0000000008001710                rt_powd_snf
 *fill*         0x0000000008001944        0x4 
 .text.EngTrModel_step
                0x0000000008001948      0x5b4 ./Src/EngTrModel.o
                0x0000000008001948                EngTrModel_step
 .text.EngTrModel_initialize
                0x0000000008001efc        0xe ./Src/EngTrModel.o
                0x0000000008001efc                EngTrModel_initialize
 *fill*         0x0000000008001f0a        0x2 
 .text.USER_ADC1_Init
                0x0000000008001f0c       0x6c ./Src/adc.o
                0x0000000008001f0c                USER_ADC1_Init
 .text.USER_ADC1_Read
                0x0000000008001f78       0x30 ./Src/adc.o
                0x0000000008001f78                USER_ADC1_Read
 .text.LCD_Init
                0x0000000008001fa8      0x1c8 ./Src/lcd.o
                0x0000000008001fa8                LCD_Init
 .text.LCD_Out_Data4
                0x0000000008002170       0x88 ./Src/lcd.o
                0x0000000008002170                LCD_Out_Data4
 .text.LCD_Write_Byte
                0x00000000080021f8       0x42 ./Src/lcd.o
                0x00000000080021f8                LCD_Write_Byte
 *fill*         0x000000000800223a        0x2 
 .text.LCD_Write_Cmd
                0x000000000800223c       0x28 ./Src/lcd.o
                0x000000000800223c                LCD_Write_Cmd
 .text.LCD_Put_Char
                0x0000000008002264       0x24 ./Src/lcd.o
                0x0000000008002264                LCD_Put_Char
 .text.LCD_Busy
                0x0000000008002288       0xb8 ./Src/lcd.o
                0x0000000008002288                LCD_Busy
 .text.LCD_Pulse_EN
                0x0000000008002340       0x4c ./Src/lcd.o
                0x0000000008002340                LCD_Pulse_EN
 .text.TIM3_IRQHandler
                0x000000000800238c       0x44 ./Src/main.o
                0x000000000800238c                TIM3_IRQHandler
 .text.main     0x00000000080023d0      0x1a4 ./Src/main.o
                0x00000000080023d0                main
 .text.USER_RCC_Init
                0x0000000008002574       0xb4 ./Src/main.o
                0x0000000008002574                USER_RCC_Init
 .text.USER_GPIO_Init
                0x0000000008002628       0xe0 ./Src/main.o
                0x0000000008002628                USER_GPIO_Init
 .text.map      0x0000000008002708       0x56 ./Src/main.o
                0x0000000008002708                map
 *fill*         0x000000000800275e        0x2 
 .text.rtGetInf
                0x0000000008002760       0x8c ./Src/rtGetInf.o
                0x0000000008002760                rtGetInf
 .text.rtGetInfF
                0x00000000080027ec       0x18 ./Src/rtGetInf.o
                0x00000000080027ec                rtGetInfF
 .text.rtGetMinusInf
                0x0000000008002804       0x8c ./Src/rtGetInf.o
                0x0000000008002804                rtGetMinusInf
 .text.rtGetMinusInfF
                0x0000000008002890       0x1c ./Src/rtGetInf.o
                0x0000000008002890                rtGetMinusInfF
 .text.rtGetNaN
                0x00000000080028ac       0x90 ./Src/rtGetNaN.o
                0x00000000080028ac                rtGetNaN
 .text.rtGetNaNF
                0x000000000800293c       0x4c ./Src/rtGetNaN.o
                0x000000000800293c                rtGetNaNF
 .text.rt_InitInfAndNaN
                0x0000000008002988       0x70 ./Src/rt_nonfinite.o
                0x0000000008002988                rt_InitInfAndNaN
 .text.rtIsInf  0x00000000080029f8       0x48 ./Src/rt_nonfinite.o
                0x00000000080029f8                rtIsInf
 .text.rtIsNaN  0x0000000008002a40       0xc4 ./Src/rt_nonfinite.o
                0x0000000008002a40                rtIsNaN
 .text.rtIsNaNF
                0x0000000008002b04       0x34 ./Src/rt_nonfinite.o
                0x0000000008002b04                rtIsNaNF
 .text._getpid  0x0000000008002b38        0xe ./Src/syscalls.o
                0x0000000008002b38                _getpid
 .text._kill    0x0000000008002b46       0x20 ./Src/syscalls.o
                0x0000000008002b46                _kill
 .text._exit    0x0000000008002b66       0x14 ./Src/syscalls.o
                0x0000000008002b66                _exit
 .text._read    0x0000000008002b7a       0x3a ./Src/syscalls.o
                0x0000000008002b7a                _read
 .text._close   0x0000000008002bb4       0x16 ./Src/syscalls.o
                0x0000000008002bb4                _close
 .text._fstat   0x0000000008002bca       0x1e ./Src/syscalls.o
                0x0000000008002bca                _fstat
 .text._isatty  0x0000000008002be8       0x14 ./Src/syscalls.o
                0x0000000008002be8                _isatty
 .text._lseek   0x0000000008002bfc       0x18 ./Src/syscalls.o
                0x0000000008002bfc                _lseek
 .text._sbrk    0x0000000008002c14       0x6c ./Src/sysmem.o
                0x0000000008002c14                _sbrk
 .text.USER_TIM2_Init
                0x0000000008002c80       0x50 ./Src/tim.o
                0x0000000008002c80                USER_TIM2_Init
 .text.USER_TIM2_Reset
                0x0000000008002cd0       0x2e ./Src/tim.o
                0x0000000008002cd0                USER_TIM2_Reset
 .text.USER_TIM2_Start
                0x0000000008002cfe       0x1c ./Src/tim.o
                0x0000000008002cfe                USER_TIM2_Start
 .text.USER_TIM2_Delay
                0x0000000008002d1a       0x2c ./Src/tim.o
                0x0000000008002d1a                USER_TIM2_Delay
 *fill*         0x0000000008002d46        0x2 
 .text.USER_TIM3_Init
                0x0000000008002d48       0x60 ./Src/tim.o
                0x0000000008002d48                USER_TIM3_Init
 .text.USER_TIM3_Reset
                0x0000000008002da8       0x28 ./Src/tim.o
                0x0000000008002da8                USER_TIM3_Reset
 .text.USER_TIM3_Start
                0x0000000008002dd0       0x1c ./Src/tim.o
                0x0000000008002dd0                USER_TIM3_Start
 .text.USER_TIM4_Init
                0x0000000008002dec       0x44 ./Src/tim.o
                0x0000000008002dec                USER_TIM4_Init
 .text.USER_TIM4_Reset
                0x0000000008002e30       0x28 ./Src/tim.o
                0x0000000008002e30                USER_TIM4_Reset
 .text.USER_TIM4_Start
                0x0000000008002e58       0x1c ./Src/tim.o
                0x0000000008002e58                USER_TIM4_Start
 .text.USER_TIM4_Delay
                0x0000000008002e74       0x2c ./Src/tim.o
                0x0000000008002e74                USER_TIM4_Delay
 .text.USER_TIM5_Init
                0x0000000008002ea0       0x44 ./Src/tim.o
                0x0000000008002ea0                USER_TIM5_Init
 .text.USER_TIM5_Reset
                0x0000000008002ee4       0x2c ./Src/tim.o
                0x0000000008002ee4                USER_TIM5_Reset
 .text.USER_TIM5_Start
                0x0000000008002f10       0x1c ./Src/tim.o
                0x0000000008002f10                USER_TIM5_Start
 .text.USER_TIM5_Delay
                0x0000000008002f2c       0x2c ./Src/tim.o
                0x0000000008002f2c                USER_TIM5_Delay
 .text.USER_USART1_Init
                0x0000000008002f58       0x54 ./Src/uart.o
                0x0000000008002f58                USER_USART1_Init
 .text.USER_USART1_Send_8bit
                0x0000000008002fac       0x2c ./Src/uart.o
                0x0000000008002fac                USER_USART1_Send_8bit
 .text._write   0x0000000008002fd8       0x4c ./Src/uart.o
                0x0000000008002fd8                _write
 .text.USER_UART_Send_Message
                0x0000000008003024       0x38 ./Src/uart.o
                0x0000000008003024                USER_UART_Send_Message
 .text.Reset_Handler
                0x000000000800305c       0x50 ./Startup/startup_stm32f103rbtx.o
                0x000000000800305c                Reset_Handler
 .text.Default_Handler
                0x00000000080030ac        0x2 ./Startup/startup_stm32f103rbtx.o
                0x00000000080030ac                DMA2_Channel3_IRQHandler
                0x00000000080030ac                TIM8_TRG_COM_IRQHandler
                0x00000000080030ac                TIM8_CC_IRQHandler
                0x00000000080030ac                DebugMon_Handler
                0x00000000080030ac                TIM1_CC_IRQHandler
                0x00000000080030ac                HardFault_Handler
                0x00000000080030ac                TIM6_IRQHandler
                0x00000000080030ac                SysTick_Handler
                0x00000000080030ac                PVD_IRQHandler
                0x00000000080030ac                SDIO_IRQHandler
                0x00000000080030ac                PendSV_Handler
                0x00000000080030ac                NMI_Handler
                0x00000000080030ac                EXTI3_IRQHandler
                0x00000000080030ac                USB_HP_CAN_TX_IRQHandler
                0x00000000080030ac                EXTI0_IRQHandler
                0x00000000080030ac                I2C2_EV_IRQHandler
                0x00000000080030ac                UsageFault_Handler
                0x00000000080030ac                ADC1_2_IRQHandler
                0x00000000080030ac                SPI1_IRQHandler
                0x00000000080030ac                CAN_SCE_IRQHandler
                0x00000000080030ac                TAMPER_IRQHandler
                0x00000000080030ac                TIM8_UP_IRQHandler
                0x00000000080030ac                DMA2_Channel2_IRQHandler
                0x00000000080030ac                DMA1_Channel4_IRQHandler
                0x00000000080030ac                USART3_IRQHandler
                0x00000000080030ac                RTC_IRQHandler
                0x00000000080030ac                DMA1_Channel7_IRQHandler
                0x00000000080030ac                UART5_IRQHandler
                0x00000000080030ac                ADC3_IRQHandler
                0x00000000080030ac                TIM4_IRQHandler
                0x00000000080030ac                CAN_RX1_IRQHandler
                0x00000000080030ac                DMA2_Channel1_IRQHandler
                0x00000000080030ac                I2C1_EV_IRQHandler
                0x00000000080030ac                DMA1_Channel6_IRQHandler
                0x00000000080030ac                UART4_IRQHandler
                0x00000000080030ac                RCC_IRQHandler
                0x00000000080030ac                TIM1_TRG_COM_IRQHandler
                0x00000000080030ac                DMA1_Channel1_IRQHandler
                0x00000000080030ac                Default_Handler
                0x00000000080030ac                EXTI15_10_IRQHandler
                0x00000000080030ac                TIM7_IRQHandler
                0x00000000080030ac                TIM5_IRQHandler
                0x00000000080030ac                EXTI9_5_IRQHandler
                0x00000000080030ac                SPI2_IRQHandler
                0x00000000080030ac                USB_LP_CAN_RX0_IRQHandler
                0x00000000080030ac                MemManage_Handler
                0x00000000080030ac                SVC_Handler
                0x00000000080030ac                DMA1_Channel5_IRQHandler
                0x00000000080030ac                EXTI4_IRQHandler
                0x00000000080030ac                DMA1_Channel3_IRQHandler
                0x00000000080030ac                FSMC_IRQHandler
                0x00000000080030ac                TIM1_UP_IRQHandler
                0x00000000080030ac                WWDG_IRQHandler
                0x00000000080030ac                TIM2_IRQHandler
                0x00000000080030ac                TIM1_BRK_IRQHandler
                0x00000000080030ac                EXTI1_IRQHandler
                0x00000000080030ac                RTCAlarm_IRQHandler
                0x00000000080030ac                DMA2_Channel4_5_IRQHandler
                0x00000000080030ac                USART2_IRQHandler
                0x00000000080030ac                I2C2_ER_IRQHandler
                0x00000000080030ac                DMA1_Channel2_IRQHandler
                0x00000000080030ac                TIM8_BRK_IRQHandler
                0x00000000080030ac                FLASH_IRQHandler
                0x00000000080030ac                BusFault_Handler
                0x00000000080030ac                USART1_IRQHandler
                0x00000000080030ac                SPI3_IRQHandler
                0x00000000080030ac                I2C1_ER_IRQHandler
                0x00000000080030ac                EXTI2_IRQHandler
 .text.__cvt    0x00000000080030ae       0xbe /Applications/STM32CubeIDE.app/Contents/Eclipse/plugins/com.st.stm32cube.ide.mcu.externaltools.gnu-tools-for-stm32.11.3.rel1.macos64_1.1.0.202305231506/tools/bin/../lib/gcc/arm-none-eabi/11.3.1/../../../../arm-none-eabi/lib/thumb/v7-m/nofp/libc_nano.a(libc_a-nano-vfprintf_float.o)
                0x00000000080030ae                __cvt
 .text.__exponent
                0x000000000800316c       0x7a /Applications/STM32CubeIDE.app/Contents/Eclipse/plugins/com.st.stm32cube.ide.mcu.externaltools.gnu-tools-for-stm32.11.3.rel1.macos64_1.1.0.202305231506/tools/bin/../lib/gcc/arm-none-eabi/11.3.1/../../../../arm-none-eabi/lib/thumb/v7-m/nofp/libc_nano.a(libc_a-nano-vfprintf_float.o)
                0x000000000800316c                __exponent
 *fill*         0x00000000080031e6        0x2 
 .text._printf_float
                0x00000000080031e8      0x45c /Applications/STM32CubeIDE.app/Contents/Eclipse/plugins/com.st.stm32cube.ide.mcu.externaltools.gnu-tools-for-stm32.11.3.rel1.macos64_1.1.0.202305231506/tools/bin/../lib/gcc/arm-none-eabi/11.3.1/../../../../arm-none-eabi/lib/thumb/v7-m/nofp/libc_nano.a(libc_a-nano-vfprintf_float.o)
                0x00000000080031e8                _printf_float
 .text._printf_common
                0x0000000008003644       0xe4 /Applications/STM32CubeIDE.app/Contents/Eclipse/plugins/com.st.stm32cube.ide.mcu.externaltools.gnu-tools-for-stm32.11.3.rel1.macos64_1.1.0.202305231506/tools/bin/../lib/gcc/arm-none-eabi/11.3.1/../../../../arm-none-eabi/lib/thumb/v7-m/nofp/libc_nano.a(libc_a-nano-vfprintf_i.o)
                0x0000000008003644                _printf_common
 .text._printf_i
                0x0000000008003728      0x244 /Applications/STM32CubeIDE.app/Contents/Eclipse/plugins/com.st.stm32cube.ide.mcu.externaltools.gnu-tools-for-stm32.11.3.rel1.macos64_1.1.0.202305231506/tools/bin/../lib/gcc/arm-none-eabi/11.3.1/../../../../arm-none-eabi/lib/thumb/v7-m/nofp/libc_nano.a(libc_a-nano-vfprintf_i.o)
                0x0000000008003728                _printf_i
 .text.std      0x000000000800396c       0x48 /Applications/STM32CubeIDE.app/Contents/Eclipse/plugins/com.st.stm32cube.ide.mcu.externaltools.gnu-tools-for-stm32.11.3.rel1.macos64_1.1.0.202305231506/tools/bin/../lib/gcc/arm-none-eabi/11.3.1/../../../../arm-none-eabi/lib/thumb/v7-m/nofp/libc_nano.a(libc_a-findfp.o)
 .text.stdio_exit_handler
                0x00000000080039b4       0x18 /Applications/STM32CubeIDE.app/Contents/Eclipse/plugins/com.st.stm32cube.ide.mcu.externaltools.gnu-tools-for-stm32.11.3.rel1.macos64_1.1.0.202305231506/tools/bin/../lib/gcc/arm-none-eabi/11.3.1/../../../../arm-none-eabi/lib/thumb/v7-m/nofp/libc_nano.a(libc_a-findfp.o)
 .text.cleanup_stdio
                0x00000000080039cc       0x40 /Applications/STM32CubeIDE.app/Contents/Eclipse/plugins/com.st.stm32cube.ide.mcu.externaltools.gnu-tools-for-stm32.11.3.rel1.macos64_1.1.0.202305231506/tools/bin/../lib/gcc/arm-none-eabi/11.3.1/../../../../arm-none-eabi/lib/thumb/v7-m/nofp/libc_nano.a(libc_a-findfp.o)
 .text.global_stdio_init.part.0
                0x0000000008003a0c       0x3c /Applications/STM32CubeIDE.app/Contents/Eclipse/plugins/com.st.stm32cube.ide.mcu.externaltools.gnu-tools-for-stm32.11.3.rel1.macos64_1.1.0.202305231506/tools/bin/../lib/gcc/arm-none-eabi/11.3.1/../../../../arm-none-eabi/lib/thumb/v7-m/nofp/libc_nano.a(libc_a-findfp.o)
 .text.__sfp_lock_acquire
                0x0000000008003a48        0xc /Applications/STM32CubeIDE.app/Contents/Eclipse/plugins/com.st.stm32cube.ide.mcu.externaltools.gnu-tools-for-stm32.11.3.rel1.macos64_1.1.0.202305231506/tools/bin/../lib/gcc/arm-none-eabi/11.3.1/../../../../arm-none-eabi/lib/thumb/v7-m/nofp/libc_nano.a(libc_a-findfp.o)
                0x0000000008003a48                __sfp_lock_acquire
 .text.__sfp_lock_release
                0x0000000008003a54        0xc /Applications/STM32CubeIDE.app/Contents/Eclipse/plugins/com.st.stm32cube.ide.mcu.externaltools.gnu-tools-for-stm32.11.3.rel1.macos64_1.1.0.202305231506/tools/bin/../lib/gcc/arm-none-eabi/11.3.1/../../../../arm-none-eabi/lib/thumb/v7-m/nofp/libc_nano.a(libc_a-findfp.o)
                0x0000000008003a54                __sfp_lock_release
 .text.__sinit  0x0000000008003a60       0x30 /Applications/STM32CubeIDE.app/Contents/Eclipse/plugins/com.st.stm32cube.ide.mcu.externaltools.gnu-tools-for-stm32.11.3.rel1.macos64_1.1.0.202305231506/tools/bin/../lib/gcc/arm-none-eabi/11.3.1/../../../../arm-none-eabi/lib/thumb/v7-m/nofp/libc_nano.a(libc_a-findfp.o)
                0x0000000008003a60                __sinit
 .text._fwalk_sglue
                0x0000000008003a90       0x3c /Applications/STM32CubeIDE.app/Contents/Eclipse/plugins/com.st.stm32cube.ide.mcu.externaltools.gnu-tools-for-stm32.11.3.rel1.macos64_1.1.0.202305231506/tools/bin/../lib/gcc/arm-none-eabi/11.3.1/../../../../arm-none-eabi/lib/thumb/v7-m/nofp/libc_nano.a(libc_a-fwalk.o)
                0x0000000008003a90                _fwalk_sglue
 .text.memset   0x0000000008003acc       0x10 /Applications/STM32CubeIDE.app/Contents/Eclipse/plugins/com.st.stm32cube.ide.mcu.externaltools.gnu-tools-for-stm32.11.3.rel1.macos64_1.1.0.202305231506/tools/bin/../lib/gcc/arm-none-eabi/11.3.1/../../../../arm-none-eabi/lib/thumb/v7-m/nofp/libc_nano.a(libc_a-memset.o)
                0x0000000008003acc                memset
 .text._localeconv_r
                0x0000000008003adc        0x8 /Applications/STM32CubeIDE.app/Contents/Eclipse/plugins/com.st.stm32cube.ide.mcu.externaltools.gnu-tools-for-stm32.11.3.rel1.macos64_1.1.0.202305231506/tools/bin/../lib/gcc/arm-none-eabi/11.3.1/../../../../arm-none-eabi/lib/thumb/v7-m/nofp/libc_nano.a(libc_a-localeconv.o)
                0x0000000008003adc                _localeconv_r
 .text.__errno  0x0000000008003ae4        0xc /Applications/STM32CubeIDE.app/Contents/Eclipse/plugins/com.st.stm32cube.ide.mcu.externaltools.gnu-tools-for-stm32.11.3.rel1.macos64_1.1.0.202305231506/tools/bin/../lib/gcc/arm-none-eabi/11.3.1/../../../../arm-none-eabi/lib/thumb/v7-m/nofp/libc_nano.a(libc_a-errno.o)
                0x0000000008003ae4                __errno
 .text.__libc_init_array
                0x0000000008003af0       0x48 /Applications/STM32CubeIDE.app/Contents/Eclipse/plugins/com.st.stm32cube.ide.mcu.externaltools.gnu-tools-for-stm32.11.3.rel1.macos64_1.1.0.202305231506/tools/bin/../lib/gcc/arm-none-eabi/11.3.1/../../../../arm-none-eabi/lib/thumb/v7-m/nofp/libc_nano.a(libc_a-init.o)
                0x0000000008003af0                __libc_init_array
 .text.__retarget_lock_acquire_recursive
                0x0000000008003b38        0x2 /Applications/STM32CubeIDE.app/Contents/Eclipse/plugins/com.st.stm32cube.ide.mcu.externaltools.gnu-tools-for-stm32.11.3.rel1.macos64_1.1.0.202305231506/tools/bin/../lib/gcc/arm-none-eabi/11.3.1/../../../../arm-none-eabi/lib/thumb/v7-m/nofp/libc_nano.a(libc_a-lock.o)
                0x0000000008003b38                __retarget_lock_acquire_recursive
 .text.__retarget_lock_release_recursive
                0x0000000008003b3a        0x2 /Applications/STM32CubeIDE.app/Contents/Eclipse/plugins/com.st.stm32cube.ide.mcu.externaltools.gnu-tools-for-stm32.11.3.rel1.macos64_1.1.0.202305231506/tools/bin/../lib/gcc/arm-none-eabi/11.3.1/../../../../arm-none-eabi/lib/thumb/v7-m/nofp/libc_nano.a(libc_a-lock.o)
                0x0000000008003b3a                __retarget_lock_release_recursive
 .text.memchr   0x0000000008003b3c       0x1c /Applications/STM32CubeIDE.app/Contents/Eclipse/plugins/com.st.stm32cube.ide.mcu.externaltools.gnu-tools-for-stm32.11.3.rel1.macos64_1.1.0.202305231506/tools/bin/../lib/gcc/arm-none-eabi/11.3.1/../../../../arm-none-eabi/lib/thumb/v7-m/nofp/libc_nano.a(libc_a-memchr-stub.o)
                0x0000000008003b3c                memchr
 .text.quorem   0x0000000008003b58      0x112 /Applications/STM32CubeIDE.app/Contents/Eclipse/plugins/com.st.stm32cube.ide.mcu.externaltools.gnu-tools-for-stm32.11.3.rel1.macos64_1.1.0.202305231506/tools/bin/../lib/gcc/arm-none-eabi/11.3.1/../../../../arm-none-eabi/lib/thumb/v7-m/nofp/libc_nano.a(libc_a-dtoa.o)
 *fill*         0x0000000008003c6a        0x6 
 .text._dtoa_r  0x0000000008003c70      0xbc8 /Applications/STM32CubeIDE.app/Contents/Eclipse/plugins/com.st.stm32cube.ide.mcu.externaltools.gnu-tools-for-stm32.11.3.rel1.macos64_1.1.0.202305231506/tools/bin/../lib/gcc/arm-none-eabi/11.3.1/../../../../arm-none-eabi/lib/thumb/v7-m/nofp/libc_nano.a(libc_a-dtoa.o)
                0x0000000008003c70                _dtoa_r
 .text.malloc   0x0000000008004838       0x10 /Applications/STM32CubeIDE.app/Contents/Eclipse/plugins/com.st.stm32cube.ide.mcu.externaltools.gnu-tools-for-stm32.11.3.rel1.macos64_1.1.0.202305231506/tools/bin/../lib/gcc/arm-none-eabi/11.3.1/../../../../arm-none-eabi/lib/thumb/v7-m/nofp/libc_nano.a(libc_a-malloc.o)
                0x0000000008004838                malloc
 .text.sbrk_aligned
                0x0000000008004848       0x40 /Applications/STM32CubeIDE.app/Contents/Eclipse/plugins/com.st.stm32cube.ide.mcu.externaltools.gnu-tools-for-stm32.11.3.rel1.macos64_1.1.0.202305231506/tools/bin/../lib/gcc/arm-none-eabi/11.3.1/../../../../arm-none-eabi/lib/thumb/v7-m/nofp/libc_nano.a(libc_a-mallocr.o)
 .text._malloc_r
                0x0000000008004888      0x100 /Applications/STM32CubeIDE.app/Contents/Eclipse/plugins/com.st.stm32cube.ide.mcu.externaltools.gnu-tools-for-stm32.11.3.rel1.macos64_1.1.0.202305231506/tools/bin/../lib/gcc/arm-none-eabi/11.3.1/../../../../arm-none-eabi/lib/thumb/v7-m/nofp/libc_nano.a(libc_a-mallocr.o)
                0x0000000008004888                _malloc_r
 .text.__sflush_r
                0x0000000008004988      0x104 /Applications/STM32CubeIDE.app/Contents/Eclipse/plugins/com.st.stm32cube.ide.mcu.externaltools.gnu-tools-for-stm32.11.3.rel1.macos64_1.1.0.202305231506/tools/bin/../lib/gcc/arm-none-eabi/11.3.1/../../../../arm-none-eabi/lib/thumb/v7-m/nofp/libc_nano.a(libc_a-fflush.o)
                0x0000000008004988                __sflush_r
 .text._fflush_r
                0x0000000008004a8c       0x50 /Applications/STM32CubeIDE.app/Contents/Eclipse/plugins/com.st.stm32cube.ide.mcu.externaltools.gnu-tools-for-stm32.11.3.rel1.macos64_1.1.0.202305231506/tools/bin/../lib/gcc/arm-none-eabi/11.3.1/../../../../arm-none-eabi/lib/thumb/v7-m/nofp/libc_nano.a(libc_a-fflush.o)
                0x0000000008004a8c                _fflush_r
 .text.__malloc_lock
                0x0000000008004adc        0xc /Applications/STM32CubeIDE.app/Contents/Eclipse/plugins/com.st.stm32cube.ide.mcu.externaltools.gnu-tools-for-stm32.11.3.rel1.macos64_1.1.0.202305231506/tools/bin/../lib/gcc/arm-none-eabi/11.3.1/../../../../arm-none-eabi/lib/thumb/v7-m/nofp/libc_nano.a(libc_a-mlock.o)
                0x0000000008004adc                __malloc_lock
 .text.__malloc_unlock
                0x0000000008004ae8        0xc /Applications/STM32CubeIDE.app/Contents/Eclipse/plugins/com.st.stm32cube.ide.mcu.externaltools.gnu-tools-for-stm32.11.3.rel1.macos64_1.1.0.202305231506/tools/bin/../lib/gcc/arm-none-eabi/11.3.1/../../../../arm-none-eabi/lib/thumb/v7-m/nofp/libc_nano.a(libc_a-mlock.o)
                0x0000000008004ae8                __malloc_unlock
 .text._Balloc  0x0000000008004af4       0x80 /Applications/STM32CubeIDE.app/Contents/Eclipse/plugins/com.st.stm32cube.ide.mcu.externaltools.gnu-tools-for-stm32.11.3.rel1.macos64_1.1.0.202305231506/tools/bin/../lib/gcc/arm-none-eabi/11.3.1/../../../../arm-none-eabi/lib/thumb/v7-m/nofp/libc_nano.a(libc_a-mprec.o)
                0x0000000008004af4                _Balloc
 .text._Bfree   0x0000000008004b74       0x44 /Applications/STM32CubeIDE.app/Contents/Eclipse/plugins/com.st.stm32cube.ide.mcu.externaltools.gnu-tools-for-stm32.11.3.rel1.macos64_1.1.0.202305231506/tools/bin/../lib/gcc/arm-none-eabi/11.3.1/../../../../arm-none-eabi/lib/thumb/v7-m/nofp/libc_nano.a(libc_a-mprec.o)
                0x0000000008004b74                _Bfree
 .text.__multadd
                0x0000000008004bb8       0x8c /Applications/STM32CubeIDE.app/Contents/Eclipse/plugins/com.st.stm32cube.ide.mcu.externaltools.gnu-tools-for-stm32.11.3.rel1.macos64_1.1.0.202305231506/tools/bin/../lib/gcc/arm-none-eabi/11.3.1/../../../../arm-none-eabi/lib/thumb/v7-m/nofp/libc_nano.a(libc_a-mprec.o)
                0x0000000008004bb8                __multadd
 .text.__hi0bits
                0x0000000008004c44       0x40 /Applications/STM32CubeIDE.app/Contents/Eclipse/plugins/com.st.stm32cube.ide.mcu.externaltools.gnu-tools-for-stm32.11.3.rel1.macos64_1.1.0.202305231506/tools/bin/../lib/gcc/arm-none-eabi/11.3.1/../../../../arm-none-eabi/lib/thumb/v7-m/nofp/libc_nano.a(libc_a-mprec.o)
                0x0000000008004c44                __hi0bits
 .text.__lo0bits
                0x0000000008004c84       0x5a /Applications/STM32CubeIDE.app/Contents/Eclipse/plugins/com.st.stm32cube.ide.mcu.externaltools.gnu-tools-for-stm32.11.3.rel1.macos64_1.1.0.202305231506/tools/bin/../lib/gcc/arm-none-eabi/11.3.1/../../../../arm-none-eabi/lib/thumb/v7-m/nofp/libc_nano.a(libc_a-mprec.o)
                0x0000000008004c84                __lo0bits
 *fill*         0x0000000008004cde        0x2 
 .text.__i2b    0x0000000008004ce0       0x2c /Applications/STM32CubeIDE.app/Contents/Eclipse/plugins/com.st.stm32cube.ide.mcu.externaltools.gnu-tools-for-stm32.11.3.rel1.macos64_1.1.0.202305231506/tools/bin/../lib/gcc/arm-none-eabi/11.3.1/../../../../arm-none-eabi/lib/thumb/v7-m/nofp/libc_nano.a(libc_a-mprec.o)
                0x0000000008004ce0                __i2b
 .text.__multiply
                0x0000000008004d0c      0x150 /Applications/STM32CubeIDE.app/Contents/Eclipse/plugins/com.st.stm32cube.ide.mcu.externaltools.gnu-tools-for-stm32.11.3.rel1.macos64_1.1.0.202305231506/tools/bin/../lib/gcc/arm-none-eabi/11.3.1/../../../../arm-none-eabi/lib/thumb/v7-m/nofp/libc_nano.a(libc_a-mprec.o)
                0x0000000008004d0c                __multiply
 .text.__pow5mult
                0x0000000008004e5c       0xb4 /Applications/STM32CubeIDE.app/Contents/Eclipse/plugins/com.st.stm32cube.ide.mcu.externaltools.gnu-tools-for-stm32.11.3.rel1.macos64_1.1.0.202305231506/tools/bin/../lib/gcc/arm-none-eabi/11.3.1/../../../../arm-none-eabi/lib/thumb/v7-m/nofp/libc_nano.a(libc_a-mprec.o)
                0x0000000008004e5c                __pow5mult
 .text.__lshift
                0x0000000008004f10       0xd8 /Applications/STM32CubeIDE.app/Contents/Eclipse/plugins/com.st.stm32cube.ide.mcu.externaltools.gnu-tools-for-stm32.11.3.rel1.macos64_1.1.0.202305231506/tools/bin/../lib/gcc/arm-none-eabi/11.3.1/../../../../arm-none-eabi/lib/thumb/v7-m/nofp/libc_nano.a(libc_a-mprec.o)
                0x0000000008004f10                __lshift
 .text.__mcmp   0x0000000008004fe8       0x36 /Applications/STM32CubeIDE.app/Contents/Eclipse/plugins/com.st.stm32cube.ide.mcu.externaltools.gnu-tools-for-stm32.11.3.rel1.macos64_1.1.0.202305231506/tools/bin/../lib/gcc/arm-none-eabi/11.3.1/../../../../arm-none-eabi/lib/thumb/v7-m/nofp/libc_nano.a(libc_a-mprec.o)
                0x0000000008004fe8                __mcmp
 *fill*         0x000000000800501e        0x2 
 .text.__mdiff  0x0000000008005020      0x118 /Applications/STM32CubeIDE.app/Contents/Eclipse/plugins/com.st.stm32cube.ide.mcu.externaltools.gnu-tools-for-stm32.11.3.rel1.macos64_1.1.0.202305231506/tools/bin/../lib/gcc/arm-none-eabi/11.3.1/../../../../arm-none-eabi/lib/thumb/v7-m/nofp/libc_nano.a(libc_a-mprec.o)
                0x0000000008005020                __mdiff
 .text.__d2b    0x0000000008005138       0xac /Applications/STM32CubeIDE.app/Contents/Eclipse/plugins/com.st.stm32cube.ide.mcu.externaltools.gnu-tools-for-stm32.11.3.rel1.macos64_1.1.0.202305231506/tools/bin/../lib/gcc/arm-none-eabi/11.3.1/../../../../arm-none-eabi/lib/thumb/v7-m/nofp/libc_nano.a(libc_a-mprec.o)
                0x0000000008005138                __d2b
 .text.__sread  0x00000000080051e4       0x22 /Applications/STM32CubeIDE.app/Contents/Eclipse/plugins/com.st.stm32cube.ide.mcu.externaltools.gnu-tools-for-stm32.11.3.rel1.macos64_1.1.0.202305231506/tools/bin/../lib/gcc/arm-none-eabi/11.3.1/../../../../arm-none-eabi/lib/thumb/v7-m/nofp/libc_nano.a(libc_a-stdio.o)
                0x00000000080051e4                __sread
 .text.__swrite
                0x0000000008005206       0x38 /Applications/STM32CubeIDE.app/Contents/Eclipse/plugins/com.st.stm32cube.ide.mcu.externaltools.gnu-tools-for-stm32.11.3.rel1.macos64_1.1.0.202305231506/tools/bin/../lib/gcc/arm-none-eabi/11.3.1/../../../../arm-none-eabi/lib/thumb/v7-m/nofp/libc_nano.a(libc_a-stdio.o)
                0x0000000008005206                __swrite
 .text.__sseek  0x000000000800523e       0x24 /Applications/STM32CubeIDE.app/Contents/Eclipse/plugins/com.st.stm32cube.ide.mcu.externaltools.gnu-tools-for-stm32.11.3.rel1.macos64_1.1.0.202305231506/tools/bin/../lib/gcc/arm-none-eabi/11.3.1/../../../../arm-none-eabi/lib/thumb/v7-m/nofp/libc_nano.a(libc_a-stdio.o)
                0x000000000800523e                __sseek
 .text.__sclose
                0x0000000008005262        0x8 /Applications/STM32CubeIDE.app/Contents/Eclipse/plugins/com.st.stm32cube.ide.mcu.externaltools.gnu-tools-for-stm32.11.3.rel1.macos64_1.1.0.202305231506/tools/bin/../lib/gcc/arm-none-eabi/11.3.1/../../../../arm-none-eabi/lib/thumb/v7-m/nofp/libc_nano.a(libc_a-stdio.o)
                0x0000000008005262                __sclose
 *fill*         0x000000000800526a        0x2 
 .text._close_r
                0x000000000800526c       0x20 /Applications/STM32CubeIDE.app/Contents/Eclipse/plugins/com.st.stm32cube.ide.mcu.externaltools.gnu-tools-for-stm32.11.3.rel1.macos64_1.1.0.202305231506/tools/bin/../lib/gcc/arm-none-eabi/11.3.1/../../../../arm-none-eabi/lib/thumb/v7-m/nofp/libc_nano.a(libc_a-closer.o)
                0x000000000800526c                _close_r
 .text._lseek_r
                0x000000000800528c       0x24 /Applications/STM32CubeIDE.app/Contents/Eclipse/plugins/com.st.stm32cube.ide.mcu.externaltools.gnu-tools-for-stm32.11.3.rel1.macos64_1.1.0.202305231506/tools/bin/../lib/gcc/arm-none-eabi/11.3.1/../../../../arm-none-eabi/lib/thumb/v7-m/nofp/libc_nano.a(libc_a-lseekr.o)
                0x000000000800528c                _lseek_r
 .text._read_r  0x00000000080052b0       0x24 /Applications/STM32CubeIDE.app/Contents/Eclipse/plugins/com.st.stm32cube.ide.mcu.externaltools.gnu-tools-for-stm32.11.3.rel1.macos64_1.1.0.202305231506/tools/bin/../lib/gcc/arm-none-eabi/11.3.1/../../../../arm-none-eabi/lib/thumb/v7-m/nofp/libc_nano.a(libc_a-readr.o)
                0x00000000080052b0                _read_r
 .text._sbrk_r  0x00000000080052d4       0x20 /Applications/STM32CubeIDE.app/Contents/Eclipse/plugins/com.st.stm32cube.ide.mcu.externaltools.gnu-tools-for-stm32.11.3.rel1.macos64_1.1.0.202305231506/tools/bin/../lib/gcc/arm-none-eabi/11.3.1/../../../../arm-none-eabi/lib/thumb/v7-m/nofp/libc_nano.a(libc_a-sbrkr.o)
                0x00000000080052d4                _sbrk_r
 .text._write_r
                0x00000000080052f4       0x24 /Applications/STM32CubeIDE.app/Contents/Eclipse/plugins/com.st.stm32cube.ide.mcu.externaltools.gnu-tools-for-stm32.11.3.rel1.macos64_1.1.0.202305231506/tools/bin/../lib/gcc/arm-none-eabi/11.3.1/../../../../arm-none-eabi/lib/thumb/v7-m/nofp/libc_nano.a(libc_a-writer.o)
                0x00000000080052f4                _write_r
 .text.memcpy   0x0000000008005318       0x1c /Applications/STM32CubeIDE.app/Contents/Eclipse/plugins/com.st.stm32cube.ide.mcu.externaltools.gnu-tools-for-stm32.11.3.rel1.macos64_1.1.0.202305231506/tools/bin/../lib/gcc/arm-none-eabi/11.3.1/../../../../arm-none-eabi/lib/thumb/v7-m/nofp/libc_nano.a(libc_a-memcpy-stub.o)
                0x0000000008005318                memcpy
 .text.__assert_func
                0x0000000008005334       0x3c /Applications/STM32CubeIDE.app/Contents/Eclipse/plugins/com.st.stm32cube.ide.mcu.externaltools.gnu-tools-for-stm32.11.3.rel1.macos64_1.1.0.202305231506/tools/bin/../lib/gcc/arm-none-eabi/11.3.1/../../../../arm-none-eabi/lib/thumb/v7-m/nofp/libc_nano.a(libc_a-assert.o)
                0x0000000008005334                __assert_func
 .text._calloc_r
                0x0000000008005370       0x28 /Applications/STM32CubeIDE.app/Contents/Eclipse/plugins/com.st.stm32cube.ide.mcu.externaltools.gnu-tools-for-stm32.11.3.rel1.macos64_1.1.0.202305231506/tools/bin/../lib/gcc/arm-none-eabi/11.3.1/../../../../arm-none-eabi/lib/thumb/v7-m/nofp/libc_nano.a(libc_a-callocr.o)
                0x0000000008005370                _calloc_r
 .text._free_r  0x0000000008005398       0x90 /Applications/STM32CubeIDE.app/Contents/Eclipse/plugins/com.st.stm32cube.ide.mcu.externaltools.gnu-tools-for-stm32.11.3.rel1.macos64_1.1.0.202305231506/tools/bin/../lib/gcc/arm-none-eabi/11.3.1/../../../../arm-none-eabi/lib/thumb/v7-m/nofp/libc_nano.a(libc_a-freer.o)
                0x0000000008005398                _free_r
 .text.__ascii_mbtowc
                0x0000000008005428       0x24 /Applications/STM32CubeIDE.app/Contents/Eclipse/plugins/com.st.stm32cube.ide.mcu.externaltools.gnu-tools-for-stm32.11.3.rel1.macos64_1.1.0.202305231506/tools/bin/../lib/gcc/arm-none-eabi/11.3.1/../../../../arm-none-eabi/lib/thumb/v7-m/nofp/libc_nano.a(libc_a-mbtowc_r.o)
                0x0000000008005428                __ascii_mbtowc
 .text.fprintf  0x000000000800544c       0x24 /Applications/STM32CubeIDE.app/Contents/Eclipse/plugins/com.st.stm32cube.ide.mcu.externaltools.gnu-tools-for-stm32.11.3.rel1.macos64_1.1.0.202305231506/tools/bin/../lib/gcc/arm-none-eabi/11.3.1/../../../../arm-none-eabi/lib/thumb/v7-m/nofp/libc_nano.a(libc_a-fprintf.o)
                0x000000000800544c                fprintf
                0x000000000800544c                fiprintf
 .text.__ascii_wctomb
                0x0000000008005470       0x1a /Applications/STM32CubeIDE.app/Contents/Eclipse/plugins/com.st.stm32cube.ide.mcu.externaltools.gnu-tools-for-stm32.11.3.rel1.macos64_1.1.0.202305231506/tools/bin/../lib/gcc/arm-none-eabi/11.3.1/../../../../arm-none-eabi/lib/thumb/v7-m/nofp/libc_nano.a(libc_a-wctomb_r.o)
                0x0000000008005470                __ascii_wctomb
 .text.abort    0x000000000800548a        0xe /Applications/STM32CubeIDE.app/Contents/Eclipse/plugins/com.st.stm32cube.ide.mcu.externaltools.gnu-tools-for-stm32.11.3.rel1.macos64_1.1.0.202305231506/tools/bin/../lib/gcc/arm-none-eabi/11.3.1/../../../../arm-none-eabi/lib/thumb/v7-m/nofp/libc_nano.a(libc_a-abort.o)
                0x000000000800548a                abort
 .text.__sfputc_r
                0x0000000008005498       0x2a /Applications/STM32CubeIDE.app/Contents/Eclipse/plugins/com.st.stm32cube.ide.mcu.externaltools.gnu-tools-for-stm32.11.3.rel1.macos64_1.1.0.202305231506/tools/bin/../lib/gcc/arm-none-eabi/11.3.1/../../../../arm-none-eabi/lib/thumb/v7-m/nofp/libc_nano.a(libc_a-nano-vfprintf.o)
 .text.__sfputs_r
                0x00000000080054c2       0x24 /Applications/STM32CubeIDE.app/Contents/Eclipse/plugins/com.st.stm32cube.ide.mcu.externaltools.gnu-tools-for-stm32.11.3.rel1.macos64_1.1.0.202305231506/tools/bin/../lib/gcc/arm-none-eabi/11.3.1/../../../../arm-none-eabi/lib/thumb/v7-m/nofp/libc_nano.a(libc_a-nano-vfprintf.o)
                0x00000000080054c2                __sfputs_r
 *fill*         0x00000000080054e6        0x2 
 .text._vfprintf_r
                0x00000000080054e8      0x234 /Applications/STM32CubeIDE.app/Contents/Eclipse/plugins/com.st.stm32cube.ide.mcu.externaltools.gnu-tools-for-stm32.11.3.rel1.macos64_1.1.0.202305231506/tools/bin/../lib/gcc/arm-none-eabi/11.3.1/../../../../arm-none-eabi/lib/thumb/v7-m/nofp/libc_nano.a(libc_a-nano-vfprintf.o)
                0x00000000080054e8                _vfiprintf_r
                0x00000000080054e8                _vfprintf_r
 .text.__swbuf_r
                0x000000000800571c       0x7a /Applications/STM32CubeIDE.app/Contents/Eclipse/plugins/com.st.stm32cube.ide.mcu.externaltools.gnu-tools-for-stm32.11.3.rel1.macos64_1.1.0.202305231506/tools/bin/../lib/gcc/arm-none-eabi/11.3.1/../../../../arm-none-eabi/lib/thumb/v7-m/nofp/libc_nano.a(libc_a-wbuf.o)
                0x000000000800571c                __swbuf_r
 *fill*         0x0000000008005796        0x2 
 .text.__swsetup_r
                0x0000000008005798       0xb0 /Applications/STM32CubeIDE.app/Contents/Eclipse/plugins/com.st.stm32cube.ide.mcu.externaltools.gnu-tools-for-stm32.11.3.rel1.macos64_1.1.0.202305231506/tools/bin/../lib/gcc/arm-none-eabi/11.3.1/../../../../arm-none-eabi/lib/thumb/v7-m/nofp/libc_nano.a(libc_a-wsetup.o)
                0x0000000008005798                __swsetup_r
 .text.__swhatbuf_r
                0x0000000008005848       0x4a /Applications/STM32CubeIDE.app/Contents/Eclipse/plugins/com.st.stm32cube.ide.mcu.externaltools.gnu-tools-for-stm32.11.3.rel1.macos64_1.1.0.202305231506/tools/bin/../lib/gcc/arm-none-eabi/11.3.1/../../../../arm-none-eabi/lib/thumb/v7-m/nofp/libc_nano.a(libc_a-makebuf.o)
                0x0000000008005848                __swhatbuf_r
 .text.__smakebuf_r
                0x0000000008005892       0x78 /Applications/STM32CubeIDE.app/Contents/Eclipse/plugins/com.st.stm32cube.ide.mcu.externaltools.gnu-tools-for-stm32.11.3.rel1.macos64_1.1.0.202305231506/tools/bin/../lib/gcc/arm-none-eabi/11.3.1/../../../../arm-none-eabi/lib/thumb/v7-m/nofp/libc_nano.a(libc_a-makebuf.o)
                0x0000000008005892                __smakebuf_r
 *fill*         0x000000000800590a        0x2 
 .text._fstat_r
                0x000000000800590c       0x24 /Applications/STM32CubeIDE.app/Contents/Eclipse/plugins/com.st.stm32cube.ide.mcu.externaltools.gnu-tools-for-stm32.11.3.rel1.macos64_1.1.0.202305231506/tools/bin/../lib/gcc/arm-none-eabi/11.3.1/../../../../arm-none-eabi/lib/thumb/v7-m/nofp/libc_nano.a(libc_a-fstatr.o)
                0x000000000800590c                _fstat_r
 .text._isatty_r
                0x0000000008005930       0x20 /Applications/STM32CubeIDE.app/Contents/Eclipse/plugins/com.st.stm32cube.ide.mcu.externaltools.gnu-tools-for-stm32.11.3.rel1.macos64_1.1.0.202305231506/tools/bin/../lib/gcc/arm-none-eabi/11.3.1/../../../../arm-none-eabi/lib/thumb/v7-m/nofp/libc_nano.a(libc_a-isattyr.o)
                0x0000000008005930                _isatty_r
 .text._raise_r
                0x0000000008005950       0x50 /Applications/STM32CubeIDE.app/Contents/Eclipse/plugins/com.st.stm32cube.ide.mcu.externaltools.gnu-tools-for-stm32.11.3.rel1.macos64_1.1.0.202305231506/tools/bin/../lib/gcc/arm-none-eabi/11.3.1/../../../../arm-none-eabi/lib/thumb/v7-m/nofp/libc_nano.a(libc_a-signal.o)
                0x0000000008005950                _raise_r
 .text.raise    0x00000000080059a0       0x10 /Applications/STM32CubeIDE.app/Contents/Eclipse/plugins/com.st.stm32cube.ide.mcu.externaltools.gnu-tools-for-stm32.11.3.rel1.macos64_1.1.0.202305231506/tools/bin/../lib/gcc/arm-none-eabi/11.3.1/../../../../arm-none-eabi/lib/thumb/v7-m/nofp/libc_nano.a(libc_a-signal.o)
                0x00000000080059a0                raise
 .text._kill_r  0x00000000080059b0       0x24 /Applications/STM32CubeIDE.app/Contents/Eclipse/plugins/com.st.stm32cube.ide.mcu.externaltools.gnu-tools-for-stm32.11.3.rel1.macos64_1.1.0.202305231506/tools/bin/../lib/gcc/arm-none-eabi/11.3.1/../../../../arm-none-eabi/lib/thumb/v7-m/nofp/libc_nano.a(libc_a-signalr.o)
                0x00000000080059b0                _kill_r
 .text._getpid_r
                0x00000000080059d4        0x4 /Applications/STM32CubeIDE.app/Contents/Eclipse/plugins/com.st.stm32cube.ide.mcu.externaltools.gnu-tools-for-stm32.11.3.rel1.macos64_1.1.0.202305231506/tools/bin/../lib/gcc/arm-none-eabi/11.3.1/../../../../arm-none-eabi/lib/thumb/v7-m/nofp/libc_nano.a(libc_a-signalr.o)
                0x00000000080059d4                _getpid_r
 .text.pow      0x00000000080059d8       0xd0 /Applications/STM32CubeIDE.app/Contents/Eclipse/plugins/com.st.stm32cube.ide.mcu.externaltools.gnu-tools-for-stm32.11.3.rel1.macos64_1.1.0.202305231506/tools/bin/../lib/gcc/arm-none-eabi/11.3.1/../../../../arm-none-eabi/lib/thumb/v7-m/nofp/libm.a(libm_a-w_pow.o)
                0x00000000080059d8                pow
 .text.sqrt     0x0000000008005aa8       0x48 /Applications/STM32CubeIDE.app/Contents/Eclipse/plugins/com.st.stm32cube.ide.mcu.externaltools.gnu-tools-for-stm32.11.3.rel1.macos64_1.1.0.202305231506/tools/bin/../lib/gcc/arm-none-eabi/11.3.1/../../../../arm-none-eabi/lib/thumb/v7-m/nofp/libm.a(libm_a-w_sqrt.o)
                0x0000000008005aa8                sqrt
 .text.finite   0x0000000008005af0        0xc /Applications/STM32CubeIDE.app/Contents/Eclipse/plugins/com.st.stm32cube.ide.mcu.externaltools.gnu-tools-for-stm32.11.3.rel1.macos64_1.1.0.202305231506/tools/bin/../lib/gcc/arm-none-eabi/11.3.1/../../../../arm-none-eabi/lib/thumb/v7-m/nofp/libm.a(libm_a-s_finite.o)
                0x0000000008005af0                finite
 .text.__ieee754_sqrt
                0x0000000008005afc      0x1b0 /Applications/STM32CubeIDE.app/Contents/Eclipse/plugins/com.st.stm32cube.ide.mcu.externaltools.gnu-tools-for-stm32.11.3.rel1.macos64_1.1.0.202305231506/tools/bin/../lib/gcc/arm-none-eabi/11.3.1/../../../../arm-none-eabi/lib/thumb/v7-m/nofp/libm.a(libm_a-e_sqrt.o)
                0x0000000008005afc                __ieee754_sqrt
 *fill*         0x0000000008005cac        0x4 
 .text.floor    0x0000000008005cb0      0x100 /Applications/STM32CubeIDE.app/Contents/Eclipse/plugins/com.st.stm32cube.ide.mcu.externaltools.gnu-tools-for-stm32.11.3.rel1.macos64_1.1.0.202305231506/tools/bin/../lib/gcc/arm-none-eabi/11.3.1/../../../../arm-none-eabi/lib/thumb/v7-m/nofp/libm.a(libm_a-s_floor.o)
                0x0000000008005cb0                floor
 .text.__ieee754_pow
                0x0000000008005db0      0xa2c /Applications/STM32CubeIDE.app/Contents/Eclipse/plugins/com.st.stm32cube.ide.mcu.externaltools.gnu-tools-for-stm32.11.3.rel1.macos64_1.1.0.202305231506/tools/bin/../lib/gcc/arm-none-eabi/11.3.1/../../../../arm-none-eabi/lib/thumb/v7-m/nofp/libm.a(libm_a-e_pow.o)
                0x0000000008005db0                __ieee754_pow
 .text.with_errno
                0x00000000080067dc       0x14 /Applications/STM32CubeIDE.app/Contents/Eclipse/plugins/com.st.stm32cube.ide.mcu.externaltools.gnu-tools-for-stm32.11.3.rel1.macos64_1.1.0.202305231506/tools/bin/../lib/gcc/arm-none-eabi/11.3.1/../../../../arm-none-eabi/lib/thumb/v7-m/nofp/libm.a(libm_a-math_err.o)
 .text.xflow    0x00000000080067f0       0x30 /Applications/STM32CubeIDE.app/Contents/Eclipse/plugins/com.st.stm32cube.ide.mcu.externaltools.gnu-tools-for-stm32.11.3.rel1.macos64_1.1.0.202305231506/tools/bin/../lib/gcc/arm-none-eabi/11.3.1/../../../../arm-none-eabi/lib/thumb/v7-m/nofp/libm.a(libm_a-math_err.o)
 .text.__math_uflow
                0x0000000008006820        0xa /Applications/STM32CubeIDE.app/Contents/Eclipse/plugins/com.st.stm32cube.ide.mcu.externaltools.gnu-tools-for-stm32.11.3.rel1.macos64_1.1.0.202305231506/tools/bin/../lib/gcc/arm-none-eabi/11.3.1/../../../../arm-none-eabi/lib/thumb/v7-m/nofp/libm.a(libm_a-math_err.o)
                0x0000000008006820                __math_uflow
 .text.__math_oflow
                0x000000000800682a        0xa /Applications/STM32CubeIDE.app/Contents/Eclipse/plugins/com.st.stm32cube.ide.mcu.externaltools.gnu-tools-for-stm32.11.3.rel1.macos64_1.1.0.202305231506/tools/bin/../lib/gcc/arm-none-eabi/11.3.1/../../../../arm-none-eabi/lib/thumb/v7-m/nofp/libm.a(libm_a-math_err.o)
                0x000000000800682a                __math_oflow
 .text.fabs     0x0000000008006834        0x8 /Applications/STM32CubeIDE.app/Contents/Eclipse/plugins/com.st.stm32cube.ide.mcu.externaltools.gnu-tools-for-stm32.11.3.rel1.macos64_1.1.0.202305231506/tools/bin/../lib/gcc/arm-none-eabi/11.3.1/../../../../arm-none-eabi/lib/thumb/v7-m/nofp/libm.a(libm_a-s_fabs.o)
                0x0000000008006834                fabs
 *fill*         0x000000000800683c        0x4 
 .text.scalbn   0x0000000008006840       0xf4 /Applications/STM32CubeIDE.app/Contents/Eclipse/plugins/com.st.stm32cube.ide.mcu.externaltools.gnu-tools-for-stm32.11.3.rel1.macos64_1.1.0.202305231506/tools/bin/../lib/gcc/arm-none-eabi/11.3.1/../../../../arm-none-eabi/lib/thumb/v7-m/nofp/libm.a(libm_a-s_scalbn.o)
                0x0000000008006840                scalbn
 *(.glue_7)
 .glue_7        0x0000000008006934        0x0 linker stubs
 *(.glue_7t)
 .glue_7t       0x0000000008006934        0x0 linker stubs
 *(.eh_frame)
 .eh_frame      0x0000000008006934        0x0 /Applications/STM32CubeIDE.app/Contents/Eclipse/plugins/com.st.stm32cube.ide.mcu.externaltools.gnu-tools-for-stm32.11.3.rel1.macos64_1.1.0.202305231506/tools/bin/../lib/gcc/arm-none-eabi/11.3.1/thumb/v7-m/nofp/crtbegin.o
 *(.init)
 .init          0x0000000008006934        0x4 /Applications/STM32CubeIDE.app/Contents/Eclipse/plugins/com.st.stm32cube.ide.mcu.externaltools.gnu-tools-for-stm32.11.3.rel1.macos64_1.1.0.202305231506/tools/bin/../lib/gcc/arm-none-eabi/11.3.1/thumb/v7-m/nofp/crti.o
                0x0000000008006934                _init
 .init          0x0000000008006938        0x8 /Applications/STM32CubeIDE.app/Contents/Eclipse/plugins/com.st.stm32cube.ide.mcu.externaltools.gnu-tools-for-stm32.11.3.rel1.macos64_1.1.0.202305231506/tools/bin/../lib/gcc/arm-none-eabi/11.3.1/thumb/v7-m/nofp/crtn.o
 *(.fini)
 .fini          0x0000000008006940        0x4 /Applications/STM32CubeIDE.app/Contents/Eclipse/plugins/com.st.stm32cube.ide.mcu.externaltools.gnu-tools-for-stm32.11.3.rel1.macos64_1.1.0.202305231506/tools/bin/../lib/gcc/arm-none-eabi/11.3.1/thumb/v7-m/nofp/crti.o
                0x0000000008006940                _fini
 .fini          0x0000000008006944        0x8 /Applications/STM32CubeIDE.app/Contents/Eclipse/plugins/com.st.stm32cube.ide.mcu.externaltools.gnu-tools-for-stm32.11.3.rel1.macos64_1.1.0.202305231506/tools/bin/../lib/gcc/arm-none-eabi/11.3.1/thumb/v7-m/nofp/crtn.o
                0x000000000800694c                . = ALIGN (0x4)
                0x000000000800694c                _etext = .

.vfp11_veneer   0x000000000800694c        0x0
 .vfp11_veneer  0x000000000800694c        0x0 linker stubs

.v4_bx          0x000000000800694c        0x0
 .v4_bx         0x000000000800694c        0x0 linker stubs

.iplt           0x000000000800694c        0x0
 .iplt          0x000000000800694c        0x0 /Applications/STM32CubeIDE.app/Contents/Eclipse/plugins/com.st.stm32cube.ide.mcu.externaltools.gnu-tools-for-stm32.11.3.rel1.macos64_1.1.0.202305231506/tools/bin/../lib/gcc/arm-none-eabi/11.3.1/thumb/v7-m/nofp/crtbegin.o

.rodata         0x0000000008006950      0xc28
                0x0000000008006950                . = ALIGN (0x4)
 *(.rodata)
 *(.rodata*)
 .rodata.EngTrModel_ConstP
                0x0000000008006950      0x840 ./Src/EngTrModel_data.o
                0x0000000008006950                EngTrModel_ConstP
 .rodata.UserFont
                0x0000000008007190       0x40 ./Src/lcd.o
                0x0000000008007190                UserFont
 .rodata._printf_float.str1.1
                0x00000000080071d0       0x12 /Applications/STM32CubeIDE.app/Contents/Eclipse/plugins/com.st.stm32cube.ide.mcu.externaltools.gnu-tools-for-stm32.11.3.rel1.macos64_1.1.0.202305231506/tools/bin/../lib/gcc/arm-none-eabi/11.3.1/../../../../arm-none-eabi/lib/thumb/v7-m/nofp/libc_nano.a(libc_a-nano-vfprintf_float.o)
 .rodata._printf_i.str1.1
                0x00000000080071e2       0x22 /Applications/STM32CubeIDE.app/Contents/Eclipse/plugins/com.st.stm32cube.ide.mcu.externaltools.gnu-tools-for-stm32.11.3.rel1.macos64_1.1.0.202305231506/tools/bin/../lib/gcc/arm-none-eabi/11.3.1/../../../../arm-none-eabi/lib/thumb/v7-m/nofp/libc_nano.a(libc_a-nano-vfprintf_i.o)
 .rodata._dtoa_r.str1.1
                0x0000000008007204       0x8d /Applications/STM32CubeIDE.app/Contents/Eclipse/plugins/com.st.stm32cube.ide.mcu.externaltools.gnu-tools-for-stm32.11.3.rel1.macos64_1.1.0.202305231506/tools/bin/../lib/gcc/arm-none-eabi/11.3.1/../../../../arm-none-eabi/lib/thumb/v7-m/nofp/libc_nano.a(libc_a-dtoa.o)
                                         0x8f (size before relaxing)
 .rodata._Balloc.str1.1
                0x0000000008007291       0x59 /Applications/STM32CubeIDE.app/Contents/Eclipse/plugins/com.st.stm32cube.ide.mcu.externaltools.gnu-tools-for-stm32.11.3.rel1.macos64_1.1.0.202305231506/tools/bin/../lib/gcc/arm-none-eabi/11.3.1/../../../../arm-none-eabi/lib/thumb/v7-m/nofp/libc_nano.a(libc_a-mprec.o)
                                         0x70 (size before relaxing)
 .rodata.__multadd.str1.1
                0x00000000080072ea       0x11 /Applications/STM32CubeIDE.app/Contents/Eclipse/plugins/com.st.stm32cube.ide.mcu.externaltools.gnu-tools-for-stm32.11.3.rel1.macos64_1.1.0.202305231506/tools/bin/../lib/gcc/arm-none-eabi/11.3.1/../../../../arm-none-eabi/lib/thumb/v7-m/nofp/libc_nano.a(libc_a-mprec.o)
 *fill*         0x00000000080072ea        0x6 
 .rodata.__mprec_bigtens
                0x00000000080072f0       0x28 /Applications/STM32CubeIDE.app/Contents/Eclipse/plugins/com.st.stm32cube.ide.mcu.externaltools.gnu-tools-for-stm32.11.3.rel1.macos64_1.1.0.202305231506/tools/bin/../lib/gcc/arm-none-eabi/11.3.1/../../../../arm-none-eabi/lib/thumb/v7-m/nofp/libc_nano.a(libc_a-mprec.o)
                0x00000000080072f0                __mprec_bigtens
 .rodata.__mprec_tens
                0x0000000008007318       0xc8 /Applications/STM32CubeIDE.app/Contents/Eclipse/plugins/com.st.stm32cube.ide.mcu.externaltools.gnu-tools-for-stm32.11.3.rel1.macos64_1.1.0.202305231506/tools/bin/../lib/gcc/arm-none-eabi/11.3.1/../../../../arm-none-eabi/lib/thumb/v7-m/nofp/libc_nano.a(libc_a-mprec.o)
                0x0000000008007318                __mprec_tens
 .rodata.p05.0  0x00000000080073e0        0xc /Applications/STM32CubeIDE.app/Contents/Eclipse/plugins/com.st.stm32cube.ide.mcu.externaltools.gnu-tools-for-stm32.11.3.rel1.macos64_1.1.0.202305231506/tools/bin/../lib/gcc/arm-none-eabi/11.3.1/../../../../arm-none-eabi/lib/thumb/v7-m/nofp/libc_nano.a(libc_a-mprec.o)
 .rodata._setlocale_r.str1.1
                0x00000000080073ec        0x8 /Applications/STM32CubeIDE.app/Contents/Eclipse/plugins/com.st.stm32cube.ide.mcu.externaltools.gnu-tools-for-stm32.11.3.rel1.macos64_1.1.0.202305231506/tools/bin/../lib/gcc/arm-none-eabi/11.3.1/../../../../arm-none-eabi/lib/thumb/v7-m/nofp/libc_nano.a(libc_a-locale.o)
                                          0x9 (size before relaxing)
 .rodata.str1.1
                0x00000000080073f4        0x2 /Applications/STM32CubeIDE.app/Contents/Eclipse/plugins/com.st.stm32cube.ide.mcu.externaltools.gnu-tools-for-stm32.11.3.rel1.macos64_1.1.0.202305231506/tools/bin/../lib/gcc/arm-none-eabi/11.3.1/../../../../arm-none-eabi/lib/thumb/v7-m/nofp/libc_nano.a(libc_a-locale.o)
 .rodata._ctype_
                0x00000000080073f6      0x101 /Applications/STM32CubeIDE.app/Contents/Eclipse/plugins/com.st.stm32cube.ide.mcu.externaltools.gnu-tools-for-stm32.11.3.rel1.macos64_1.1.0.202305231506/tools/bin/../lib/gcc/arm-none-eabi/11.3.1/../../../../arm-none-eabi/lib/thumb/v7-m/nofp/libc_nano.a(libc_a-ctype_.o)
                0x00000000080073f6                _ctype_
 .rodata.__assert_func.str1.1
                0x00000000080074f7       0x3c /Applications/STM32CubeIDE.app/Contents/Eclipse/plugins/com.st.stm32cube.ide.mcu.externaltools.gnu-tools-for-stm32.11.3.rel1.macos64_1.1.0.202305231506/tools/bin/../lib/gcc/arm-none-eabi/11.3.1/../../../../arm-none-eabi/lib/thumb/v7-m/nofp/libc_nano.a(libc_a-assert.o)
                                         0x3d (size before relaxing)
 .rodata._vfprintf_r.str1.1
                0x0000000008007533       0x11 /Applications/STM32CubeIDE.app/Contents/Eclipse/plugins/com.st.stm32cube.ide.mcu.externaltools.gnu-tools-for-stm32.11.3.rel1.macos64_1.1.0.202305231506/tools/bin/../lib/gcc/arm-none-eabi/11.3.1/../../../../arm-none-eabi/lib/thumb/v7-m/nofp/libc_nano.a(libc_a-nano-vfprintf.o)
 *fill*         0x0000000008007544        0x4 
 .rodata.bp     0x0000000008007548       0x10 /Applications/STM32CubeIDE.app/Contents/Eclipse/plugins/com.st.stm32cube.ide.mcu.externaltools.gnu-tools-for-stm32.11.3.rel1.macos64_1.1.0.202305231506/tools/bin/../lib/gcc/arm-none-eabi/11.3.1/../../../../arm-none-eabi/lib/thumb/v7-m/nofp/libm.a(libm_a-e_pow.o)
 .rodata.dp_h   0x0000000008007558       0x10 /Applications/STM32CubeIDE.app/Contents/Eclipse/plugins/com.st.stm32cube.ide.mcu.externaltools.gnu-tools-for-stm32.11.3.rel1.macos64_1.1.0.202305231506/tools/bin/../lib/gcc/arm-none-eabi/11.3.1/../../../../arm-none-eabi/lib/thumb/v7-m/nofp/libm.a(libm_a-e_pow.o)
 .rodata.dp_l   0x0000000008007568       0x10 /Applications/STM32CubeIDE.app/Contents/Eclipse/plugins/com.st.stm32cube.ide.mcu.externaltools.gnu-tools-for-stm32.11.3.rel1.macos64_1.1.0.202305231506/tools/bin/../lib/gcc/arm-none-eabi/11.3.1/../../../../arm-none-eabi/lib/thumb/v7-m/nofp/libm.a(libm_a-e_pow.o)
                0x0000000008007578                . = ALIGN (0x4)

.rel.dyn        0x0000000008007578        0x0
 .rel.iplt      0x0000000008007578        0x0 /Applications/STM32CubeIDE.app/Contents/Eclipse/plugins/com.st.stm32cube.ide.mcu.externaltools.gnu-tools-for-stm32.11.3.rel1.macos64_1.1.0.202305231506/tools/bin/../lib/gcc/arm-none-eabi/11.3.1/thumb/v7-m/nofp/crtbegin.o

.ARM.extab      0x0000000008007578        0x0
                0x0000000008007578                . = ALIGN (0x4)
 *(.ARM.extab* .gnu.linkonce.armextab.*)
                0x0000000008007578                . = ALIGN (0x4)

.ARM            0x0000000008007578        0x0
                0x0000000008007578                . = ALIGN (0x4)
                0x0000000008007578                __exidx_start = .
 *(.ARM.exidx*)
                0x0000000008007578                __exidx_end = .
                0x0000000008007578                . = ALIGN (0x4)

.preinit_array  0x0000000008007578        0x0
                0x0000000008007578                . = ALIGN (0x4)
                0x0000000008007578                PROVIDE (__preinit_array_start = .)
 *(.preinit_array*)
                0x0000000008007578                PROVIDE (__preinit_array_end = .)
                0x0000000008007578                . = ALIGN (0x4)

.init_array     0x0000000008007578        0x4
                0x0000000008007578                . = ALIGN (0x4)
                0x0000000008007578                PROVIDE (__init_array_start = .)
 *(SORT_BY_NAME(.init_array.*))
 *(.init_array*)
 .init_array    0x0000000008007578        0x4 /Applications/STM32CubeIDE.app/Contents/Eclipse/plugins/com.st.stm32cube.ide.mcu.externaltools.gnu-tools-for-stm32.11.3.rel1.macos64_1.1.0.202305231506/tools/bin/../lib/gcc/arm-none-eabi/11.3.1/thumb/v7-m/nofp/crtbegin.o
                0x000000000800757c                PROVIDE (__init_array_end = .)
                0x000000000800757c                . = ALIGN (0x4)

.fini_array     0x000000000800757c        0x4
                0x000000000800757c                . = ALIGN (0x4)
                [!provide]                        PROVIDE (__fini_array_start = .)
 *(SORT_BY_NAME(.fini_array.*))
 *(.fini_array*)
 .fini_array    0x000000000800757c        0x4 /Applications/STM32CubeIDE.app/Contents/Eclipse/plugins/com.st.stm32cube.ide.mcu.externaltools.gnu-tools-for-stm32.11.3.rel1.macos64_1.1.0.202305231506/tools/bin/../lib/gcc/arm-none-eabi/11.3.1/thumb/v7-m/nofp/crtbegin.o
                [!provide]                        PROVIDE (__fini_array_end = .)
                0x0000000008007580                . = ALIGN (0x4)
                0x0000000008007580                _sidata = LOADADDR (.data)

.data           0x0000000020000000      0x1e0 load address 0x0000000008007580
                0x0000000020000000                . = ALIGN (0x4)
                0x0000000020000000                _sdata = .
 *(.data)
 *(.data*)
 .data.msg      0x0000000020000000        0x7 ./Src/main.o
                0x0000000020000000                msg
 .data.msg_length
                0x0000000020000007        0x1 ./Src/main.o
                0x0000000020000007                msg_length
 .data.__sglue  0x0000000020000008        0xc /Applications/STM32CubeIDE.app/Contents/Eclipse/plugins/com.st.stm32cube.ide.mcu.externaltools.gnu-tools-for-stm32.11.3.rel1.macos64_1.1.0.202305231506/tools/bin/../lib/gcc/arm-none-eabi/11.3.1/../../../../arm-none-eabi/lib/thumb/v7-m/nofp/libc_nano.a(libc_a-findfp.o)
                0x0000000020000008                __sglue
 .data._impure_data
                0x0000000020000014       0x4c /Applications/STM32CubeIDE.app/Contents/Eclipse/plugins/com.st.stm32cube.ide.mcu.externaltools.gnu-tools-for-stm32.11.3.rel1.macos64_1.1.0.202305231506/tools/bin/../lib/gcc/arm-none-eabi/11.3.1/../../../../arm-none-eabi/lib/thumb/v7-m/nofp/libc_nano.a(libc_a-impure.o)
                0x0000000020000014                _impure_data
 .data._impure_ptr
                0x0000000020000060        0x4 /Applications/STM32CubeIDE.app/Contents/Eclipse/plugins/com.st.stm32cube.ide.mcu.externaltools.gnu-tools-for-stm32.11.3.rel1.macos64_1.1.0.202305231506/tools/bin/../lib/gcc/arm-none-eabi/11.3.1/../../../../arm-none-eabi/lib/thumb/v7-m/nofp/libc_nano.a(libc_a-impure.o)
                0x0000000020000060                _impure_ptr
 .data.__global_locale
                0x0000000020000064      0x16c /Applications/STM32CubeIDE.app/Contents/Eclipse/plugins/com.st.stm32cube.ide.mcu.externaltools.gnu-tools-for-stm32.11.3.rel1.macos64_1.1.0.202305231506/tools/bin/../lib/gcc/arm-none-eabi/11.3.1/../../../../arm-none-eabi/lib/thumb/v7-m/nofp/libc_nano.a(libc_a-locale.o)
                0x0000000020000064                __global_locale
 .data.one      0x00000000200001d0        0x8 /Applications/STM32CubeIDE.app/Contents/Eclipse/plugins/com.st.stm32cube.ide.mcu.externaltools.gnu-tools-for-stm32.11.3.rel1.macos64_1.1.0.202305231506/tools/bin/../lib/gcc/arm-none-eabi/11.3.1/../../../../arm-none-eabi/lib/thumb/v7-m/nofp/libm.a(libm_a-e_sqrt.o)
 .data.tiny     0x00000000200001d8        0x8 /Applications/STM32CubeIDE.app/Contents/Eclipse/plugins/com.st.stm32cube.ide.mcu.externaltools.gnu-tools-for-stm32.11.3.rel1.macos64_1.1.0.202305231506/tools/bin/../lib/gcc/arm-none-eabi/11.3.1/../../../../arm-none-eabi/lib/thumb/v7-m/nofp/libm.a(libm_a-e_sqrt.o)
 *(.RamFunc)
 *(.RamFunc*)
                0x00000000200001e0                . = ALIGN (0x4)
                0x00000000200001e0                _edata = .

.igot.plt       0x00000000200001e0        0x0 load address 0x0000000008007760
 .igot.plt      0x00000000200001e0        0x0 /Applications/STM32CubeIDE.app/Contents/Eclipse/plugins/com.st.stm32cube.ide.mcu.externaltools.gnu-tools-for-stm32.11.3.rel1.macos64_1.1.0.202305231506/tools/bin/../lib/gcc/arm-none-eabi/11.3.1/thumb/v7-m/nofp/crtbegin.o
                0x00000000200001e0                . = ALIGN (0x4)

.bss            0x00000000200001e0      0x214 load address 0x0000000008007760
                0x00000000200001e0                _sbss = .
                0x00000000200001e0                __bss_start__ = _sbss
 *(.bss)
 .bss           0x00000000200001e0       0x1c /Applications/STM32CubeIDE.app/Contents/Eclipse/plugins/com.st.stm32cube.ide.mcu.externaltools.gnu-tools-for-stm32.11.3.rel1.macos64_1.1.0.202305231506/tools/bin/../lib/gcc/arm-none-eabi/11.3.1/thumb/v7-m/nofp/crtbegin.o
 *(.bss*)
 *fill*         0x00000000200001fc        0x4 
 .bss.EngTrModel_B
                0x0000000020000200       0x30 ./Src/EngTrModel.o
                0x0000000020000200                EngTrModel_B
 .bss.EngTrModel_DW
                0x0000000020000230       0x28 ./Src/EngTrModel.o
                0x0000000020000230                EngTrModel_DW
 .bss.EngTrModel_U
                0x0000000020000258       0x10 ./Src/EngTrModel.o
                0x0000000020000258                EngTrModel_U
 .bss.EngTrModel_Y
                0x0000000020000268       0x18 ./Src/EngTrModel.o
                0x0000000020000268                EngTrModel_Y
 .bss.rtInf     0x0000000020000280        0x8 ./Src/rt_nonfinite.o
                0x0000000020000280                rtInf
 .bss.rtMinusInf
                0x0000000020000288        0x8 ./Src/rt_nonfinite.o
                0x0000000020000288                rtMinusInf
 .bss.rtNaN     0x0000000020000290        0x8 ./Src/rt_nonfinite.o
                0x0000000020000290                rtNaN
 .bss.rtInfF    0x0000000020000298        0x4 ./Src/rt_nonfinite.o
                0x0000000020000298                rtInfF
 .bss.rtMinusInfF
                0x000000002000029c        0x4 ./Src/rt_nonfinite.o
                0x000000002000029c                rtMinusInfF
 .bss.rtNaNF    0x00000000200002a0        0x4 ./Src/rt_nonfinite.o
                0x00000000200002a0                rtNaNF
 .bss.__sbrk_heap_end
                0x00000000200002a4        0x4 ./Src/sysmem.o
 .bss.__sf      0x00000000200002a8      0x138 /Applications/STM32CubeIDE.app/Contents/Eclipse/plugins/com.st.stm32cube.ide.mcu.externaltools.gnu-tools-for-stm32.11.3.rel1.macos64_1.1.0.202305231506/tools/bin/../lib/gcc/arm-none-eabi/11.3.1/../../../../arm-none-eabi/lib/thumb/v7-m/nofp/libc_nano.a(libc_a-findfp.o)
                0x00000000200002a8                __sf
 .bss.__stdio_exit_handler
                0x00000000200003e0        0x4 /Applications/STM32CubeIDE.app/Contents/Eclipse/plugins/com.st.stm32cube.ide.mcu.externaltools.gnu-tools-for-stm32.11.3.rel1.macos64_1.1.0.202305231506/tools/bin/../lib/gcc/arm-none-eabi/11.3.1/../../../../arm-none-eabi/lib/thumb/v7-m/nofp/libc_nano.a(libc_a-findfp.o)
                0x00000000200003e0                __stdio_exit_handler
 .bss.__lock___malloc_recursive_mutex
                0x00000000200003e4        0x1 /Applications/STM32CubeIDE.app/Contents/Eclipse/plugins/com.st.stm32cube.ide.mcu.externaltools.gnu-tools-for-stm32.11.3.rel1.macos64_1.1.0.202305231506/tools/bin/../lib/gcc/arm-none-eabi/11.3.1/../../../../arm-none-eabi/lib/thumb/v7-m/nofp/libc_nano.a(libc_a-lock.o)
                0x00000000200003e4                __lock___malloc_recursive_mutex
 .bss.__lock___sfp_recursive_mutex
                0x00000000200003e5        0x1 /Applications/STM32CubeIDE.app/Contents/Eclipse/plugins/com.st.stm32cube.ide.mcu.externaltools.gnu-tools-for-stm32.11.3.rel1.macos64_1.1.0.202305231506/tools/bin/../lib/gcc/arm-none-eabi/11.3.1/../../../../arm-none-eabi/lib/thumb/v7-m/nofp/libc_nano.a(libc_a-lock.o)
                0x00000000200003e5                __lock___sfp_recursive_mutex
 *fill*         0x00000000200003e6        0x2 
 .bss.__malloc_free_list
                0x00000000200003e8        0x4 /Applications/STM32CubeIDE.app/Contents/Eclipse/plugins/com.st.stm32cube.ide.mcu.externaltools.gnu-tools-for-stm32.11.3.rel1.macos64_1.1.0.202305231506/tools/bin/../lib/gcc/arm-none-eabi/11.3.1/../../../../arm-none-eabi/lib/thumb/v7-m/nofp/libc_nano.a(libc_a-mallocr.o)
                0x00000000200003e8                __malloc_free_list
 .bss.__malloc_sbrk_start
                0x00000000200003ec        0x4 /Applications/STM32CubeIDE.app/Contents/Eclipse/plugins/com.st.stm32cube.ide.mcu.externaltools.gnu-tools-for-stm32.11.3.rel1.macos64_1.1.0.202305231506/tools/bin/../lib/gcc/arm-none-eabi/11.3.1/../../../../arm-none-eabi/lib/thumb/v7-m/nofp/libc_nano.a(libc_a-mallocr.o)
                0x00000000200003ec                __malloc_sbrk_start
 .bss.errno     0x00000000200003f0        0x4 /Applications/STM32CubeIDE.app/Contents/Eclipse/plugins/com.st.stm32cube.ide.mcu.externaltools.gnu-tools-for-stm32.11.3.rel1.macos64_1.1.0.202305231506/tools/bin/../lib/gcc/arm-none-eabi/11.3.1/../../../../arm-none-eabi/lib/thumb/v7-m/nofp/libc_nano.a(libc_a-reent.o)
                0x00000000200003f0                errno
 *(COMMON)
                0x00000000200003f4                . = ALIGN (0x4)
                0x00000000200003f4                _ebss = .
                0x00000000200003f4                __bss_end__ = _ebss

._user_heap_stack
                0x00000000200003f4      0x604 load address 0x0000000008007760
                0x00000000200003f8                . = ALIGN (0x8)
 *fill*         0x00000000200003f4        0x4 
                [!provide]                        PROVIDE (end = .)
                0x00000000200003f8                PROVIDE (_end = .)
                0x00000000200005f8                . = (. + _Min_Heap_Size)
 *fill*         0x00000000200003f8      0x200 
                0x00000000200009f8                . = (. + _Min_Stack_Size)
 *fill*         0x00000000200005f8      0x400 
                0x00000000200009f8                . = ALIGN (0x8)

/DISCARD/
 libc.a(*)
 libm.a(*)
 libgcc.a(*)

.ARM.attributes
                0x0000000000000000       0x29
 *(.ARM.attributes)
 .ARM.attributes
                0x0000000000000000       0x1d /Applications/STM32CubeIDE.app/Contents/Eclipse/plugins/com.st.stm32cube.ide.mcu.externaltools.gnu-tools-for-stm32.11.3.rel1.macos64_1.1.0.202305231506/tools/bin/../lib/gcc/arm-none-eabi/11.3.1/thumb/v7-m/nofp/crti.o
 .ARM.attributes
                0x000000000000001d       0x2d /Applications/STM32CubeIDE.app/Contents/Eclipse/plugins/com.st.stm32cube.ide.mcu.externaltools.gnu-tools-for-stm32.11.3.rel1.macos64_1.1.0.202305231506/tools/bin/../lib/gcc/arm-none-eabi/11.3.1/thumb/v7-m/nofp/crtbegin.o
 .ARM.attributes
                0x000000000000004a       0x2d ./Src/EngTrModel.o
 .ARM.attributes
                0x0000000000000077       0x2d ./Src/EngTrModel_data.o
 .ARM.attributes
                0x00000000000000a4       0x2d ./Src/adc.o
 .ARM.attributes
                0x00000000000000d1       0x2d ./Src/lcd.o
 .ARM.attributes
                0x00000000000000fe       0x2d ./Src/main.o
 .ARM.attributes
                0x000000000000012b       0x2d ./Src/rtGetInf.o
 .ARM.attributes
                0x0000000000000158       0x2d ./Src/rtGetNaN.o
 .ARM.attributes
                0x0000000000000185       0x2d ./Src/rt_nonfinite.o
 .ARM.attributes
                0x00000000000001b2       0x2d ./Src/syscalls.o
 .ARM.attributes
                0x00000000000001df       0x2d ./Src/sysmem.o
 .ARM.attributes
                0x000000000000020c       0x2d ./Src/tim.o
 .ARM.attributes
                0x0000000000000239       0x2d ./Src/uart.o
 .ARM.attributes
                0x0000000000000266       0x21 ./Startup/startup_stm32f103rbtx.o
 .ARM.attributes
                0x0000000000000287       0x2d /Applications/STM32CubeIDE.app/Contents/Eclipse/plugins/com.st.stm32cube.ide.mcu.externaltools.gnu-tools-for-stm32.11.3.rel1.macos64_1.1.0.202305231506/tools/bin/../lib/gcc/arm-none-eabi/11.3.1/../../../../arm-none-eabi/lib/thumb/v7-m/nofp/libc_nano.a(libc_a-nano-vfprintf_float.o)
 .ARM.attributes
                0x00000000000002b4       0x2d /Applications/STM32CubeIDE.app/Contents/Eclipse/plugins/com.st.stm32cube.ide.mcu.externaltools.gnu-tools-for-stm32.11.3.rel1.macos64_1.1.0.202305231506/tools/bin/../lib/gcc/arm-none-eabi/11.3.1/../../../../arm-none-eabi/lib/thumb/v7-m/nofp/libc_nano.a(libc_a-nano-vfprintf_i.o)
 .ARM.attributes
                0x00000000000002e1       0x2d /Applications/STM32CubeIDE.app/Contents/Eclipse/plugins/com.st.stm32cube.ide.mcu.externaltools.gnu-tools-for-stm32.11.3.rel1.macos64_1.1.0.202305231506/tools/bin/../lib/gcc/arm-none-eabi/11.3.1/../../../../arm-none-eabi/lib/thumb/v7-m/nofp/libc_nano.a(libc_a-findfp.o)
 .ARM.attributes
                0x000000000000030e       0x2d /Applications/STM32CubeIDE.app/Contents/Eclipse/plugins/com.st.stm32cube.ide.mcu.externaltools.gnu-tools-for-stm32.11.3.rel1.macos64_1.1.0.202305231506/tools/bin/../lib/gcc/arm-none-eabi/11.3.1/../../../../arm-none-eabi/lib/thumb/v7-m/nofp/libc_nano.a(libc_a-fwalk.o)
 .ARM.attributes
                0x000000000000033b       0x2d /Applications/STM32CubeIDE.app/Contents/Eclipse/plugins/com.st.stm32cube.ide.mcu.externaltools.gnu-tools-for-stm32.11.3.rel1.macos64_1.1.0.202305231506/tools/bin/../lib/gcc/arm-none-eabi/11.3.1/../../../../arm-none-eabi/lib/thumb/v7-m/nofp/libc_nano.a(libc_a-memset.o)
 .ARM.attributes
                0x0000000000000368       0x2d /Applications/STM32CubeIDE.app/Contents/Eclipse/plugins/com.st.stm32cube.ide.mcu.externaltools.gnu-tools-for-stm32.11.3.rel1.macos64_1.1.0.202305231506/tools/bin/../lib/gcc/arm-none-eabi/11.3.1/../../../../arm-none-eabi/lib/thumb/v7-m/nofp/libc_nano.a(libc_a-localeconv.o)
 .ARM.attributes
                0x0000000000000395       0x2d /Applications/STM32CubeIDE.app/Contents/Eclipse/plugins/com.st.stm32cube.ide.mcu.externaltools.gnu-tools-for-stm32.11.3.rel1.macos64_1.1.0.202305231506/tools/bin/../lib/gcc/arm-none-eabi/11.3.1/../../../../arm-none-eabi/lib/thumb/v7-m/nofp/libc_nano.a(libc_a-impure.o)
 .ARM.attributes
                0x00000000000003c2       0x2d /Applications/STM32CubeIDE.app/Contents/Eclipse/plugins/com.st.stm32cube.ide.mcu.externaltools.gnu-tools-for-stm32.11.3.rel1.macos64_1.1.0.202305231506/tools/bin/../lib/gcc/arm-none-eabi/11.3.1/../../../../arm-none-eabi/lib/thumb/v7-m/nofp/libc_nano.a(libc_a-errno.o)
 .ARM.attributes
                0x00000000000003ef       0x2d /Applications/STM32CubeIDE.app/Contents/Eclipse/plugins/com.st.stm32cube.ide.mcu.externaltools.gnu-tools-for-stm32.11.3.rel1.macos64_1.1.0.202305231506/tools/bin/../lib/gcc/arm-none-eabi/11.3.1/../../../../arm-none-eabi/lib/thumb/v7-m/nofp/libc_nano.a(libc_a-init.o)
 .ARM.attributes
                0x000000000000041c       0x2d /Applications/STM32CubeIDE.app/Contents/Eclipse/plugins/com.st.stm32cube.ide.mcu.externaltools.gnu-tools-for-stm32.11.3.rel1.macos64_1.1.0.202305231506/tools/bin/../lib/gcc/arm-none-eabi/11.3.1/../../../../arm-none-eabi/lib/thumb/v7-m/nofp/libc_nano.a(libc_a-lock.o)
 .ARM.attributes
                0x0000000000000449       0x2d /Applications/STM32CubeIDE.app/Contents/Eclipse/plugins/com.st.stm32cube.ide.mcu.externaltools.gnu-tools-for-stm32.11.3.rel1.macos64_1.1.0.202305231506/tools/bin/../lib/gcc/arm-none-eabi/11.3.1/../../../../arm-none-eabi/lib/thumb/v7-m/nofp/libc_nano.a(libc_a-memchr-stub.o)
 .ARM.attributes
                0x0000000000000476       0x17 /Applications/STM32CubeIDE.app/Contents/Eclipse/plugins/com.st.stm32cube.ide.mcu.externaltools.gnu-tools-for-stm32.11.3.rel1.macos64_1.1.0.202305231506/tools/bin/../lib/gcc/arm-none-eabi/11.3.1/../../../../arm-none-eabi/lib/thumb/v7-m/nofp/libc_nano.a(libc_a-strlen.o)
 .ARM.attributes
                0x000000000000048d       0x2d /Applications/STM32CubeIDE.app/Contents/Eclipse/plugins/com.st.stm32cube.ide.mcu.externaltools.gnu-tools-for-stm32.11.3.rel1.macos64_1.1.0.202305231506/tools/bin/../lib/gcc/arm-none-eabi/11.3.1/../../../../arm-none-eabi/lib/thumb/v7-m/nofp/libc_nano.a(libc_a-dtoa.o)
 .ARM.attributes
                0x00000000000004ba       0x2d /Applications/STM32CubeIDE.app/Contents/Eclipse/plugins/com.st.stm32cube.ide.mcu.externaltools.gnu-tools-for-stm32.11.3.rel1.macos64_1.1.0.202305231506/tools/bin/../lib/gcc/arm-none-eabi/11.3.1/../../../../arm-none-eabi/lib/thumb/v7-m/nofp/libc_nano.a(libc_a-malloc.o)
 .ARM.attributes
                0x00000000000004e7       0x2d /Applications/STM32CubeIDE.app/Contents/Eclipse/plugins/com.st.stm32cube.ide.mcu.externaltools.gnu-tools-for-stm32.11.3.rel1.macos64_1.1.0.202305231506/tools/bin/../lib/gcc/arm-none-eabi/11.3.1/../../../../arm-none-eabi/lib/thumb/v7-m/nofp/libc_nano.a(libc_a-mallocr.o)
 .ARM.attributes
                0x0000000000000514       0x2d /Applications/STM32CubeIDE.app/Contents/Eclipse/plugins/com.st.stm32cube.ide.mcu.externaltools.gnu-tools-for-stm32.11.3.rel1.macos64_1.1.0.202305231506/tools/bin/../lib/gcc/arm-none-eabi/11.3.1/../../../../arm-none-eabi/lib/thumb/v7-m/nofp/libc_nano.a(libc_a-fflush.o)
 .ARM.attributes
                0x0000000000000541       0x2d /Applications/STM32CubeIDE.app/Contents/Eclipse/plugins/com.st.stm32cube.ide.mcu.externaltools.gnu-tools-for-stm32.11.3.rel1.macos64_1.1.0.202305231506/tools/bin/../lib/gcc/arm-none-eabi/11.3.1/../../../../arm-none-eabi/lib/thumb/v7-m/nofp/libc_nano.a(libc_a-mlock.o)
 .ARM.attributes
                0x000000000000056e       0x2d /Applications/STM32CubeIDE.app/Contents/Eclipse/plugins/com.st.stm32cube.ide.mcu.externaltools.gnu-tools-for-stm32.11.3.rel1.macos64_1.1.0.202305231506/tools/bin/../lib/gcc/arm-none-eabi/11.3.1/../../../../arm-none-eabi/lib/thumb/v7-m/nofp/libc_nano.a(libc_a-mprec.o)
 .ARM.attributes
                0x000000000000059b       0x2d /Applications/STM32CubeIDE.app/Contents/Eclipse/plugins/com.st.stm32cube.ide.mcu.externaltools.gnu-tools-for-stm32.11.3.rel1.macos64_1.1.0.202305231506/tools/bin/../lib/gcc/arm-none-eabi/11.3.1/../../../../arm-none-eabi/lib/thumb/v7-m/nofp/libc_nano.a(libc_a-stdio.o)
 .ARM.attributes
                0x00000000000005c8       0x2d /Applications/STM32CubeIDE.app/Contents/Eclipse/plugins/com.st.stm32cube.ide.mcu.externaltools.gnu-tools-for-stm32.11.3.rel1.macos64_1.1.0.202305231506/tools/bin/../lib/gcc/arm-none-eabi/11.3.1/../../../../arm-none-eabi/lib/thumb/v7-m/nofp/libc_nano.a(libc_a-locale.o)
 .ARM.attributes
                0x00000000000005f5       0x2d /Applications/STM32CubeIDE.app/Contents/Eclipse/plugins/com.st.stm32cube.ide.mcu.externaltools.gnu-tools-for-stm32.11.3.rel1.macos64_1.1.0.202305231506/tools/bin/../lib/gcc/arm-none-eabi/11.3.1/../../../../arm-none-eabi/lib/thumb/v7-m/nofp/libc_nano.a(libc_a-closer.o)
 .ARM.attributes
                0x0000000000000622       0x2d /Applications/STM32CubeIDE.app/Contents/Eclipse/plugins/com.st.stm32cube.ide.mcu.externaltools.gnu-tools-for-stm32.11.3.rel1.macos64_1.1.0.202305231506/tools/bin/../lib/gcc/arm-none-eabi/11.3.1/../../../../arm-none-eabi/lib/thumb/v7-m/nofp/libc_nano.a(libc_a-reent.o)
 .ARM.attributes
                0x000000000000064f       0x2d /Applications/STM32CubeIDE.app/Contents/Eclipse/plugins/com.st.stm32cube.ide.mcu.externaltools.gnu-tools-for-stm32.11.3.rel1.macos64_1.1.0.202305231506/tools/bin/../lib/gcc/arm-none-eabi/11.3.1/../../../../arm-none-eabi/lib/thumb/v7-m/nofp/libc_nano.a(libc_a-lseekr.o)
 .ARM.attributes
                0x000000000000067c       0x2d /Applications/STM32CubeIDE.app/Contents/Eclipse/plugins/com.st.stm32cube.ide.mcu.externaltools.gnu-tools-for-stm32.11.3.rel1.macos64_1.1.0.202305231506/tools/bin/../lib/gcc/arm-none-eabi/11.3.1/../../../../arm-none-eabi/lib/thumb/v7-m/nofp/libc_nano.a(libc_a-readr.o)
 .ARM.attributes
                0x00000000000006a9       0x2d /Applications/STM32CubeIDE.app/Contents/Eclipse/plugins/com.st.stm32cube.ide.mcu.externaltools.gnu-tools-for-stm32.11.3.rel1.macos64_1.1.0.202305231506/tools/bin/../lib/gcc/arm-none-eabi/11.3.1/../../../../arm-none-eabi/lib/thumb/v7-m/nofp/libc_nano.a(libc_a-sbrkr.o)
 .ARM.attributes
                0x00000000000006d6       0x2d /Applications/STM32CubeIDE.app/Contents/Eclipse/plugins/com.st.stm32cube.ide.mcu.externaltools.gnu-tools-for-stm32.11.3.rel1.macos64_1.1.0.202305231506/tools/bin/../lib/gcc/arm-none-eabi/11.3.1/../../../../arm-none-eabi/lib/thumb/v7-m/nofp/libc_nano.a(libc_a-writer.o)
 .ARM.attributes
                0x0000000000000703       0x2d /Applications/STM32CubeIDE.app/Contents/Eclipse/plugins/com.st.stm32cube.ide.mcu.externaltools.gnu-tools-for-stm32.11.3.rel1.macos64_1.1.0.202305231506/tools/bin/../lib/gcc/arm-none-eabi/11.3.1/../../../../arm-none-eabi/lib/thumb/v7-m/nofp/libc_nano.a(libc_a-memcpy-stub.o)
 .ARM.attributes
                0x0000000000000730       0x2d /Applications/STM32CubeIDE.app/Contents/Eclipse/plugins/com.st.stm32cube.ide.mcu.externaltools.gnu-tools-for-stm32.11.3.rel1.macos64_1.1.0.202305231506/tools/bin/../lib/gcc/arm-none-eabi/11.3.1/../../../../arm-none-eabi/lib/thumb/v7-m/nofp/libc_nano.a(libc_a-ctype_.o)
 .ARM.attributes
                0x000000000000075d       0x2d /Applications/STM32CubeIDE.app/Contents/Eclipse/plugins/com.st.stm32cube.ide.mcu.externaltools.gnu-tools-for-stm32.11.3.rel1.macos64_1.1.0.202305231506/tools/bin/../lib/gcc/arm-none-eabi/11.3.1/../../../../arm-none-eabi/lib/thumb/v7-m/nofp/libc_nano.a(libc_a-assert.o)
 .ARM.attributes
                0x000000000000078a       0x2d /Applications/STM32CubeIDE.app/Contents/Eclipse/plugins/com.st.stm32cube.ide.mcu.externaltools.gnu-tools-for-stm32.11.3.rel1.macos64_1.1.0.202305231506/tools/bin/../lib/gcc/arm-none-eabi/11.3.1/../../../../arm-none-eabi/lib/thumb/v7-m/nofp/libc_nano.a(libc_a-callocr.o)
 .ARM.attributes
                0x00000000000007b7       0x2d /Applications/STM32CubeIDE.app/Contents/Eclipse/plugins/com.st.stm32cube.ide.mcu.externaltools.gnu-tools-for-stm32.11.3.rel1.macos64_1.1.0.202305231506/tools/bin/../lib/gcc/arm-none-eabi/11.3.1/../../../../arm-none-eabi/lib/thumb/v7-m/nofp/libc_nano.a(libc_a-freer.o)
 .ARM.attributes
                0x00000000000007e4       0x2d /Applications/STM32CubeIDE.app/Contents/Eclipse/plugins/com.st.stm32cube.ide.mcu.externaltools.gnu-tools-for-stm32.11.3.rel1.macos64_1.1.0.202305231506/tools/bin/../lib/gcc/arm-none-eabi/11.3.1/../../../../arm-none-eabi/lib/thumb/v7-m/nofp/libc_nano.a(libc_a-mbtowc_r.o)
 .ARM.attributes
                0x0000000000000811       0x2d /Applications/STM32CubeIDE.app/Contents/Eclipse/plugins/com.st.stm32cube.ide.mcu.externaltools.gnu-tools-for-stm32.11.3.rel1.macos64_1.1.0.202305231506/tools/bin/../lib/gcc/arm-none-eabi/11.3.1/../../../../arm-none-eabi/lib/thumb/v7-m/nofp/libc_nano.a(libc_a-fprintf.o)
 .ARM.attributes
                0x000000000000083e       0x2d /Applications/STM32CubeIDE.app/Contents/Eclipse/plugins/com.st.stm32cube.ide.mcu.externaltools.gnu-tools-for-stm32.11.3.rel1.macos64_1.1.0.202305231506/tools/bin/../lib/gcc/arm-none-eabi/11.3.1/../../../../arm-none-eabi/lib/thumb/v7-m/nofp/libc_nano.a(libc_a-wctomb_r.o)
 .ARM.attributes
                0x000000000000086b       0x2d /Applications/STM32CubeIDE.app/Contents/Eclipse/plugins/com.st.stm32cube.ide.mcu.externaltools.gnu-tools-for-stm32.11.3.rel1.macos64_1.1.0.202305231506/tools/bin/../lib/gcc/arm-none-eabi/11.3.1/../../../../arm-none-eabi/lib/thumb/v7-m/nofp/libc_nano.a(libc_a-abort.o)
 .ARM.attributes
                0x0000000000000898       0x2d /Applications/STM32CubeIDE.app/Contents/Eclipse/plugins/com.st.stm32cube.ide.mcu.externaltools.gnu-tools-for-stm32.11.3.rel1.macos64_1.1.0.202305231506/tools/bin/../lib/gcc/arm-none-eabi/11.3.1/../../../../arm-none-eabi/lib/thumb/v7-m/nofp/libc_nano.a(libc_a-nano-vfprintf.o)
 .ARM.attributes
                0x00000000000008c5       0x2d /Applications/STM32CubeIDE.app/Contents/Eclipse/plugins/com.st.stm32cube.ide.mcu.externaltools.gnu-tools-for-stm32.11.3.rel1.macos64_1.1.0.202305231506/tools/bin/../lib/gcc/arm-none-eabi/11.3.1/../../../../arm-none-eabi/lib/thumb/v7-m/nofp/libc_nano.a(libc_a-wbuf.o)
 .ARM.attributes
                0x00000000000008f2       0x2d /Applications/STM32CubeIDE.app/Contents/Eclipse/plugins/com.st.stm32cube.ide.mcu.externaltools.gnu-tools-for-stm32.11.3.rel1.macos64_1.1.0.202305231506/tools/bin/../lib/gcc/arm-none-eabi/11.3.1/../../../../arm-none-eabi/lib/thumb/v7-m/nofp/libc_nano.a(libc_a-wsetup.o)
 .ARM.attributes
                0x000000000000091f       0x2d /Applications/STM32CubeIDE.app/Contents/Eclipse/plugins/com.st.stm32cube.ide.mcu.externaltools.gnu-tools-for-stm32.11.3.rel1.macos64_1.1.0.202305231506/tools/bin/../lib/gcc/arm-none-eabi/11.3.1/../../../../arm-none-eabi/lib/thumb/v7-m/nofp/libc_nano.a(libc_a-makebuf.o)
 .ARM.attributes
                0x000000000000094c       0x2d /Applications/STM32CubeIDE.app/Contents/Eclipse/plugins/com.st.stm32cube.ide.mcu.externaltools.gnu-tools-for-stm32.11.3.rel1.macos64_1.1.0.202305231506/tools/bin/../lib/gcc/arm-none-eabi/11.3.1/../../../../arm-none-eabi/lib/thumb/v7-m/nofp/libc_nano.a(libc_a-fstatr.o)
 .ARM.attributes
                0x0000000000000979       0x2d /Applications/STM32CubeIDE.app/Contents/Eclipse/plugins/com.st.stm32cube.ide.mcu.externaltools.gnu-tools-for-stm32.11.3.rel1.macos64_1.1.0.202305231506/tools/bin/../lib/gcc/arm-none-eabi/11.3.1/../../../../arm-none-eabi/lib/thumb/v7-m/nofp/libc_nano.a(libc_a-isattyr.o)
 .ARM.attributes
                0x00000000000009a6       0x2d /Applications/STM32CubeIDE.app/Contents/Eclipse/plugins/com.st.stm32cube.ide.mcu.externaltools.gnu-tools-for-stm32.11.3.rel1.macos64_1.1.0.202305231506/tools/bin/../lib/gcc/arm-none-eabi/11.3.1/../../../../arm-none-eabi/lib/thumb/v7-m/nofp/libc_nano.a(libc_a-signal.o)
 .ARM.attributes
                0x00000000000009d3       0x2d /Applications/STM32CubeIDE.app/Contents/Eclipse/plugins/com.st.stm32cube.ide.mcu.externaltools.gnu-tools-for-stm32.11.3.rel1.macos64_1.1.0.202305231506/tools/bin/../lib/gcc/arm-none-eabi/11.3.1/../../../../arm-none-eabi/lib/thumb/v7-m/nofp/libc_nano.a(libc_a-signalr.o)
 .ARM.attributes
                0x0000000000000a00       0x2d /Applications/STM32CubeIDE.app/Contents/Eclipse/plugins/com.st.stm32cube.ide.mcu.externaltools.gnu-tools-for-stm32.11.3.rel1.macos64_1.1.0.202305231506/tools/bin/../lib/gcc/arm-none-eabi/11.3.1/../../../../arm-none-eabi/lib/thumb/v7-m/nofp/libm.a(libm_a-w_pow.o)
 .ARM.attributes
                0x0000000000000a2d       0x2d /Applications/STM32CubeIDE.app/Contents/Eclipse/plugins/com.st.stm32cube.ide.mcu.externaltools.gnu-tools-for-stm32.11.3.rel1.macos64_1.1.0.202305231506/tools/bin/../lib/gcc/arm-none-eabi/11.3.1/../../../../arm-none-eabi/lib/thumb/v7-m/nofp/libm.a(libm_a-w_sqrt.o)
 .ARM.attributes
                0x0000000000000a5a       0x2d /Applications/STM32CubeIDE.app/Contents/Eclipse/plugins/com.st.stm32cube.ide.mcu.externaltools.gnu-tools-for-stm32.11.3.rel1.macos64_1.1.0.202305231506/tools/bin/../lib/gcc/arm-none-eabi/11.3.1/../../../../arm-none-eabi/lib/thumb/v7-m/nofp/libm.a(libm_a-s_finite.o)
 .ARM.attributes