../Src/lcd.c:20:6:LCD_Init	16	static
../Src/lcd.c:105:6:LCD_Out_Data4	16	static
../Src/lcd.c:128:6:LCD_Write_Byte	16	static
../Src/lcd.c:137:6:LCD_Write_Cmd	16	static
../Src/lcd.c:143:6:LCD_Put_Char	16	static
../Src/lcd.c:150:6:LCD_Set_Cursor	24	static
../Src/lcd.c:160:6:LCD_Put_Str	24	static
../Src/lcd.c:167:6:LCD_Put_Num	32	static
../Src/lcd.c:187:6:LCD_Busy	8	static
../Src/lcd.c:219:6:LCD_Pulse_EN	8	static
../Src/lcd.c:233:6:LCD_BarGraphic	24	static
../Src/lcd.c:250:6:LCD_BarGraphicXY	24	static
../Src/lcd.c:264:6:USER_LCD_Send_Message	16	static
