../Src/lcd.c:20:6:LCD_Init	16	static
../Src/lcd.c:104:6:LCD_Out_Data4	16	static
../Src/lcd.c:127:6:LCD_Write_Byte	16	static
../Src/lcd.c:136:6:LCD_Write_Cmd	16	static
../Src/lcd.c:142:6:LCD_Put_Char	16	static
../Src/lcd.c:149:6:LCD_Set_Cursor	24	static
../Src/lcd.c:159:6:LCD_Put_Str	24	static
../Src/lcd.c:166:6:LCD_Put_Num	32	static
../Src/lcd.c:186:6:LCD_Busy	8	static
../Src/lcd.c:218:6:LCD_Pulse_EN	8	static
../Src/lcd.c:232:6:LCD_BarGraphic	24	static
../Src/lcd.c:249:6:LCD_BarGraphicXY	24	static
../Src/lcd.c:263:6:USER_LCD_Send_Message	16	static
