../Src/lcd_orig.c:19:6:LCD_Init	16	static
../Src/lcd_orig.c:103:6:LCD_Out_Data4	16	static
../Src/lcd_orig.c:126:6:LCD_Write_Byte	16	static
../Src/lcd_orig.c:135:6:LCD_Write_Cmd	16	static
../Src/lcd_orig.c:141:6:LCD_Put_Char	16	static
../Src/lcd_orig.c:148:6:LCD_Set_Cursor	24	static
../Src/lcd_orig.c:158:6:LCD_Put_Str	24	static
../Src/lcd_orig.c:165:6:LCD_Put_Num	32	static
../Src/lcd_orig.c:185:6:LCD_Busy	8	static
../Src/lcd_orig.c:217:6:LCD_Pulse_EN	8	static
../Src/lcd_orig.c:231:6:LCD_BarGraphic	24	static
../Src/lcd_orig.c:248:6:LCD_BarGraphicXY	24	static
