../Src/tim.c:12:6:USER_TIM2_Init	8	static
../Src/tim.c:24:6:USER_TIM2_Reset	4	static
../Src/tim.c:31:6:USER_TIM2_Start	4	static
../Src/tim.c:36:6:USER_TIM2_Delay	4	static
../Src/tim.c:47:6:USER_TIM3_Init	8	static
../Src/tim.c:61:6:USER_TIM3_Reset	4	static
../Src/tim.c:68:6:USER_TIM3_Start	4	static
../Src/tim.c:73:6:USER_TIM3_Delay	4	static
../Src/tim.c:79:6:TIM3_IRQHandler	8	static
../Src/tim.c:99:6:USER_TIM4_Init	8	static
../Src/tim.c:111:6:USER_TIM4_Reset	4	static
../Src/tim.c:118:6:USER_TIM4_Start	4	static
../Src/tim.c:123:6:USER_TIM4_Delay	4	static
../Src/tim.c:134:6:USER_TIM5_Init	8	static
../Src/tim.c:146:6:USER_TIM5_Reset	4	static
../Src/tim.c:153:6:USER_TIM5_Start	4	static
../Src/tim.c:158:6:USER_TIM5_Delay	4	static
../Src/tim.c:169:6:USER_TIM9_Init	8	static
../Src/tim.c:179:6:USER_TIM9_Reset	4	static
../Src/tim.c:186:6:USER_TIM9_Start	4	static
../Src/tim.c:191:6:USER_TIM9_Delay	4	static
../Src/tim.c:202:6:USER_TIM10_Init	8	static
../Src/tim.c:211:6:USER_TIM10_Reset	4	static
../Src/tim.c:218:6:USER_TIM10_Start	4	static
../Src/tim.c:223:6:USER_TIM10_Delay	4	static
../Src/tim.c:234:6:USER_TIM11_Init	8	static
../Src/tim.c:243:6:USER_TIM11_Reset	4	static
../Src/tim.c:250:6:USER_TIM11_Start	4	static
../Src/tim.c:255:6:USER_TIM11_Delay	4	static
