../Src/tim.c:12:6:USER_TIM2_Init	8	static
../Src/tim.c:25:6:USER_TIM2_Reset	4	static
../Src/tim.c:32:6:USER_TIM2_Start	4	static
../Src/tim.c:37:6:USER_TIM2_Delay	4	static
../Src/tim.c:48:6:USER_TIM3_Init	8	static
../Src/tim.c:62:6:USER_TIM3_Reset	4	static
../Src/tim.c:69:6:USER_TIM3_Start	4	static
../Src/tim.c:74:6:USER_TIM3_Delay	4	static
../Src/tim.c:85:6:USER_TIM4_Init	8	static
../Src/tim.c:97:6:USER_TIM4_Reset	4	static
../Src/tim.c:104:6:USER_TIM4_Start	4	static
../Src/tim.c:109:6:USER_TIM4_Delay	4	static
../Src/tim.c:120:6:USER_TIM5_Init	8	static
../Src/tim.c:132:6:USER_TIM5_Reset	4	static
../Src/tim.c:139:6:USER_TIM5_Start	4	static
../Src/tim.c:144:6:USER_TIM5_Delay	4	static
